Component: ARM Compiler 5.06 update 7 (build 960) Tool: armlink [4d3601]

==============================================================================

Section Cross References

    startup_stm32f405xx.o(RESET) refers to startup_stm32f405xx.o(STACK) for __initial_sp
    startup_stm32f405xx.o(RESET) refers to startup_stm32f405xx.o(.text) for Reset_Handler
    startup_stm32f405xx.o(RESET) refers to stm32f4xx_it.o(i.NMI_Handler) for NMI_Handler
    startup_stm32f405xx.o(RESET) refers to stm32f4xx_it.o(i.HardFault_Handler) for HardFault_Handler
    startup_stm32f405xx.o(RESET) refers to stm32f4xx_it.o(i.MemManage_Handler) for MemManage_Handler
    startup_stm32f405xx.o(RESET) refers to stm32f4xx_it.o(i.BusFault_Handler) for BusFault_Handler
    startup_stm32f405xx.o(RESET) refers to stm32f4xx_it.o(i.UsageFault_Handler) for UsageFault_Handler
    startup_stm32f405xx.o(RESET) refers to port.o(.emb_text) for SVC_Handler
    startup_stm32f405xx.o(RESET) refers to stm32f4xx_it.o(i.DebugMon_Handler) for DebugMon_Handler
    startup_stm32f405xx.o(RESET) refers to port.o(i.SysTick_Handler) for SysTick_Handler
    startup_stm32f405xx.o(RESET) refers to stm32f4xx_it.o(i.DMA1_Stream5_IRQHandler) for DMA1_Stream5_IRQHandler
    startup_stm32f405xx.o(RESET) refers to stm32f4xx_it.o(i.DMA1_Stream6_IRQHandler) for DMA1_Stream6_IRQHandler
    startup_stm32f405xx.o(RESET) refers to bluetooth.o(i.USART2_IRQHandler) for USART2_IRQHandler
    startup_stm32f405xx.o(RESET) refers to stm32f4xx_it.o(i.TIM6_DAC_IRQHandler) for TIM6_DAC_IRQHandler
    startup_stm32f405xx.o(.text) refers to system_stm32f4xx.o(i.SystemInit) for SystemInit
    startup_stm32f405xx.o(.text) refers to entry.o(.ARM.Collect$$$$00000000) for __main
    main.o(i.HAL_TIM_PeriodElapsedCallback) refers to stm32f4xx_hal.o(i.HAL_IncTick) for HAL_IncTick
    main.o(i.SystemClock_Config) refers to memseta.o(.text) for __aeabi_memclr4
    main.o(i.SystemClock_Config) refers to stm32f4xx_hal_rcc.o(i.HAL_RCC_OscConfig) for HAL_RCC_OscConfig
    main.o(i.SystemClock_Config) refers to stm32f4xx_hal_rcc.o(i.HAL_RCC_ClockConfig) for HAL_RCC_ClockConfig
    main.o(i.main) refers to stm32f4xx_hal.o(i.HAL_Init) for HAL_Init
    main.o(i.main) refers to main.o(i.SystemClock_Config) for SystemClock_Config
    main.o(i.main) refers to gpio.o(i.MX_GPIO_Init) for MX_GPIO_Init
    main.o(i.main) refers to dma.o(i.MX_DMA_Init) for MX_DMA_Init
    main.o(i.main) refers to usart.o(i.MX_USART1_UART_Init) for MX_USART1_UART_Init
    main.o(i.main) refers to tim.o(i.MX_TIM2_Init) for MX_TIM2_Init
    main.o(i.main) refers to usart.o(i.MX_USART2_UART_Init) for MX_USART2_UART_Init
    main.o(i.main) refers to tim.o(i.MX_TIM3_Init) for MX_TIM3_Init
    main.o(i.main) refers to tim.o(i.MX_TIM5_Init) for MX_TIM5_Init
    main.o(i.main) refers to usart.o(i.MX_USART3_UART_Init) for MX_USART3_UART_Init
    main.o(i.main) refers to freertos.o(i.MX_FREERTOS_Init) for MX_FREERTOS_Init
    main.o(i.main) refers to cmsis_os.o(i.osKernelStart) for osKernelStart
    gpio.o(i.MX_GPIO_Init) refers to memseta.o(.text) for __aeabi_memclr4
    gpio.o(i.MX_GPIO_Init) refers to stm32f4xx_hal_gpio.o(i.HAL_GPIO_WritePin) for HAL_GPIO_WritePin
    gpio.o(i.MX_GPIO_Init) refers to stm32f4xx_hal_gpio.o(i.HAL_GPIO_Init) for HAL_GPIO_Init
    freertos.o(i.BT_Task_Task) refers to bluetooth.o(i.BT_init) for BT_init
    freertos.o(i.BT_Task_Task) refers to bluetooth.o(i.Check_Rx) for Check_Rx
    freertos.o(i.BT_Task_Task) refers to cmsis_os.o(i.osDelay) for osDelay
    freertos.o(i.MX_FREERTOS_Init) refers to memcpya.o(.text) for __aeabi_memcpy4
    freertos.o(i.MX_FREERTOS_Init) refers to cmsis_os.o(i.osThreadCreate) for osThreadCreate
    freertos.o(i.MX_FREERTOS_Init) refers to freertos.o(.constdata) for .constdata
    freertos.o(i.MX_FREERTOS_Init) refers to freertos.o(.data) for .data
    freertos.o(i.StartDefaultTask) refers to stm32f4xx_hal_gpio.o(i.HAL_GPIO_TogglePin) for HAL_GPIO_TogglePin
    freertos.o(i.StartDefaultTask) refers to cmsis_os.o(i.osDelay) for osDelay
    freertos.o(i.Start_Debug_Task) refers to user_debug.o(i.Debug_Usart) for Debug_Usart
    freertos.o(i.Start_Debug_Task) refers to cmsis_os.o(i.osDelay) for osDelay
    freertos.o(i.Start_Motor_Task) refers to motor.o(i.motor_init) for motor_init
    freertos.o(i.Start_Motor_Task) refers to motor.o(i.motor) for motor
    freertos.o(i.Start_Motor_Task) refers to cmsis_os.o(i.osDelay) for osDelay
    freertos.o(i.vApplicationGetIdleTaskMemory) refers to freertos.o(.bss) for .bss
    freertos.o(.constdata) refers to freertos.o(.conststring) for .conststring
    freertos.o(.constdata) refers to freertos.o(i.StartDefaultTask) for StartDefaultTask
    freertos.o(.constdata) refers to freertos.o(i.Start_Debug_Task) for Start_Debug_Task
    freertos.o(.constdata) refers to freertos.o(i.BT_Task_Task) for BT_Task_Task
    freertos.o(.constdata) refers to freertos.o(i.Start_Motor_Task) for Start_Motor_Task
[...]
    ..\Drivers\STM32F4xx_HAL_Driver\Src\stm32f4xx_hal_exti.c 0x00000000   Number         0  stm32f4xx_hal_exti.o ABSOLUTE
    ..\Drivers\STM32F4xx_HAL_Driver\Src\stm32f4xx_hal_flash.c 0x00000000   Number         0  stm32f4xx_hal_flash.o ABSOLUTE
    ..\Drivers\STM32F4xx_HAL_Driver\Src\stm32f4xx_hal_flash_ex.c 0x00000000   Number         0  stm32f4xx_hal_flash_ex.o ABSOLUTE
    ..\Drivers\STM32F4xx_HAL_Driver\Src\stm32f4xx_hal_flash_ramfunc.c 0x00000000   Number         0  stm32f4xx_hal_flash_ramfunc.o ABSOLUTE
    ..\Drivers\STM32F4xx_HAL_Driver\Src\stm32f4xx_hal_gpio.c 0x00000000   Number         0  stm32f4xx_hal_gpio.o ABSOLUTE
    ..\Drivers\STM32F4xx_HAL_Driver\Src\stm32f4xx_hal_pwr.c 0x00000000   Number         0  stm32f4xx_hal_pwr.o ABSOLUTE
    ..\Drivers\STM32F4xx_HAL_Driver\Src\stm32f4xx_hal_pwr_ex.c 0x00000000   Number         0  stm32f4xx_hal_pwr_ex.o ABSOLUTE
    ..\Drivers\STM32F4xx_HAL_Driver\Src\stm32f4xx_hal_rcc.c 0x00000000   Number         0  stm32f4xx_hal_rcc.o ABSOLUTE
    ..\Drivers\STM32F4xx_HAL_Driver\Src\stm32f4xx_hal_rcc_ex.c 0x00000000   Number         0  stm32f4xx_hal_rcc_ex.o ABSOLUTE
    ..\Drivers\STM32F4xx_HAL_Driver\Src\stm32f4xx_hal_tim.c 0x00000000   Number         0  stm32f4xx_hal_tim.o ABSOLUTE
    ..\Drivers\STM32F4xx_HAL_Driver\Src\stm32f4xx_hal_tim_ex.c 0x00000000   Number         0  stm32f4xx_hal_tim_ex.o ABSOLUTE
    ..\Drivers\STM32F4xx_HAL_Driver\Src\stm32f4xx_hal_uart.c 0x00000000   Number         0  stm32f4xx_hal_uart.o ABSOLUTE
    ..\Middlewares\Third_Party\FreeRTOS\Source\CMSIS_RTOS\cmsis_os.c 0x00000000   Number         0  cmsis_os.o ABSOLUTE
    ..\Middlewares\Third_Party\FreeRTOS\Source\portable\RVDS\ARM_CM4F\port.c 0x00000000   Number         0  port.o ABSOLUTE
    ..\USER\Debug\User_Debug.c               0x00000000   Number         0  user_debug.o ABSOLUTE
    ..\USER\Gimbal\version.c                 0x00000000   Number         0  version.o ABSOLUTE
    ..\USER\HC_05\bluetooth.c                0x00000000   Number         0  bluetooth.o ABSOLUTE
    ..\USER\Motor\motor.c                    0x00000000   Number         0  motor.o ABSOLUTE
    ..\\USER\\Debug\\User_Debug.c            0x00000000   Number         0  user_debug.o ABSOLUTE
    ..\\USER\\Gimbal\\version.c              0x00000000   Number         0  version.o ABSOLUTE
    ..\\USER\\HC_05\\bluetooth.c             0x00000000   Number         0  bluetooth.o ABSOLUTE
    ..\\USER\\Motor\\motor.c                 0x00000000   Number         0  motor.o ABSOLUTE
    cdrcmple.s                               0x00000000   Number         0  cdrcmple.o ABSOLUTE
    dc.s                                     0x00000000   Number         0  dc.o ABSOLUTE
    handlers.s                               0x00000000   Number         0  handlers.o ABSOLUTE
    init.s                                   0x00000000   Number         0  init.o ABSOLUTE
    startup_stm32f405xx.s                    0x00000000   Number         0  startup_stm32f405xx.o ABSOLUTE
    RESET                                    0x08000000   Section      392  startup_stm32f405xx.o(RESET)
    .ARM.Collect$$$$00000000                 0x08000188   Section        0  entry.o(.ARM.Collect$$$$00000000)
    .ARM.Collect$$$$00000001                 0x08000188   Section        4  entry2.o(.ARM.Collect$$$$00000001)
    .ARM.Collect$$$$00000004                 0x0800018c   Section        4  entry5.o(.ARM.Collect$$$$00000004)
    .ARM.Collect$$$$00000008                 0x08000190   Section        0  entry7b.o(.ARM.Collect$$$$00000008)
    .ARM.Collect$$$$0000000A                 0x08000190   Section        0  entry8b.o(.ARM.Collect$$$$0000000A)
    .ARM.Collect$$$$0000000B                 0x08000190   Section        8  entry9a.o(.ARM.Collect$$$$0000000B)
    .ARM.Collect$$$$0000000E                 0x08000198   Section        4  entry12b.o(.ARM.Collect$$$$0000000E)
    .ARM.Collect$$$$0000000F                 0x0800019c   Section        0  entry10a.o(.ARM.Collect$$$$0000000F)
    .ARM.Collect$$$$00000011                 0x0800019c   Section        0  entry11a.o(.ARM.Collect$$$$00000011)
    .ARM.Collect$$$$00002712                 0x0800019c   Section        4  entry2.o(.ARM.Collect$$$$00002712)
    __lit__00000000                          0x0800019c   Data           4  entry2.o(.ARM.Collect$$$$00002712)
    .emb_text                                0x080001a0   Section      190  port.o(.emb_text)
    $v0                                      0x080001a0   Number         0  port.o(.emb_text)
    .text                                    0x08000260   Section       36  startup_stm32f405xx.o(.text)
    $v0                                      0x08000260   Number         0  startup_stm32f405xx.o(.text)
    .text                                    0x08000284   Section        0  uldiv.o(.text)
    .text                                    0x080002e6   Section        0  memcpya.o(.text)
    .text                                    0x0800030a   Section        0  memseta.o(.text)
    .text                                    0x0800032e   Section        0  uidiv.o(.text)
    .text                                    0x0800035a   Section        0  llshl.o(.text)
    .text                                    0x08000378   Section        0  llushr.o(.text)
    .text                                    0x08000398   Section        0  dadd.o(.text)
    .text                                    0x08000398   Section        0  iusefp.o(.text)
    .text                                    0x080004e6   Section        0  dmul.o(.text)
    .text                                    0x080005ca   Section        0  ddiv.o(.text)
    .text                                    0x080006a8   Section        0  dfixul.o(.text)
    .text                                    0x080006d8   Section       48  cdrcmple.o(.text)
    .text                                    0x08000708   Section       36  init.o(.text)
    .text                                    0x0800072c   Section        0  llsshr.o(.text)
    .text                                    0x08000750   Section        0  depilogue.o(.text)
    i.BT_Task_Task                           0x0800080a   Section        0  freertos.o(i.BT_Task_Task)
    i.BT_init                                0x0800081c   Section        0  bluetooth.o(i.BT_init)
    i.BusFault_Handler                       0x0800083c   Section        0  stm32f4xx_it.o(i.BusFault_Handler)
    i.CCW                                    0x08000840   Section        0  motor.o(i.CCW)
    i.CW                                     0x080008a4   Section        0  motor.o(i.CW)
    i.Check_Rx                               0x08000908   Section        0  bluetooth.o(i.Check_Rx)
    i.DMA1_Stream5_IRQHandler                0x0800091c   Section        0  stm32f4xx_it.o(i.DMA1_Stream5_IRQHandler)
    i.DMA1_Stream6_IRQHandler                0x08000928   Section        0  stm32f4xx_it.o(i.DMA1_Stream6_IRQHandler)
    i.DMA_CalcBaseAndBitshift                0x08000934   Section        0  stm32f4xx_hal_dma.o(i.DMA_CalcBaseAndBitshift)
    DMA_CalcBaseAndBitshift                  0x08000935   Thumb Code    34  stm32f4xx_hal_dma.o(i.DMA_CalcBaseAndBitshift)
    i.DMA_CheckFifoParam                     0x0800095c   Section        0  stm32f4xx_hal_dma.o(i.DMA_CheckFifoParam)
    DMA_CheckFifoParam                       0x0800095d   Thumb Code    84  stm32f4xx_hal_dma.o(i.DMA_CheckFifoParam)
    i.DMA_SetConfig                          0x080009b0   Section        0  stm32f4xx_hal_dma.o(i.DMA_SetConfig)
    DMA_SetConfig                            0x080009b1   Thumb Code    40  stm32f4xx_hal_dma.o(i.DMA_SetConfig)
    i.DebugMon_Handler                       0x080009d8   Section        0  stm32f4xx_it.o(i.DebugMon_Handler)
    i.Debug_Usart                            0x080009da   Section        0  user_debug.o(i.Debug_Usart)
    i.Error_Handler                          0x080009dc   Section        0  main.o(i.Error_Handler)
    i.HAL_DMA_Abort                          0x080009e0   Section        0  stm32f4xx_hal_dma.o(i.HAL_DMA_Abort)
    i.HAL_DMA_Abort_IT                       0x08000a72   Section        0  stm32f4xx_hal_dma.o(i.HAL_DMA_Abort_IT)
    i.HAL_DMA_IRQHandler                     0x08000a98   Section        0  stm32f4xx_hal_dma.o(i.HAL_DMA_IRQHandler)
    i.HAL_DMA_Init                           0x08000c38   Section        0  stm32f4xx_hal_dma.o(i.HAL_DMA_Init)
    i.HAL_DMA_Start_IT                       0x08000d0c   Section        0  stm32f4xx_hal_dma.o(i.HAL_DMA_Start_IT)
    i.HAL_GPIO_Init                          0x08000d7c   Section        0  stm32f4xx_hal_gpio.o(i.HAL_GPIO_Init)
    i.HAL_GPIO_ReadPin                       0x08000f6c   Section        0  stm32f4xx_hal_gpio.o(i.HAL_GPIO_ReadPin)
    i.HAL_GPIO_TogglePin                     0x08000f76   Section        0  stm32f4xx_hal_gpio.o(i.HAL_GPIO_TogglePin)
    i.HAL_GPIO_WritePin                      0x08000f86   Section        0  stm32f4xx_hal_gpio.o(i.HAL_GPIO_WritePin)
    i.HAL_GetTick                            0x08000f90   Section        0  stm32f4xx_hal.o(i.HAL_GetTick)
    i.HAL_IncTick                            0x08000f9c   Section        0  stm32f4xx_hal.o(i.HAL_IncTick)
    i.HAL_Init                               0x08000fac   Section        0  stm32f4xx_hal.o(i.HAL_Init)
    i.HAL_InitTick                           0x08000fe0   Section        0  stm32f4xx_hal_timebase_tim.o(i.HAL_InitTick)
    i.HAL_MspInit                            0x08001078   Section        0  stm32f4xx_hal_msp.o(i.HAL_MspInit)
    i.HAL_NVIC_EnableIRQ                     0x080010b0   Section        0  stm32f4xx_hal_cortex.o(i.HAL_NVIC_EnableIRQ)
    i.HAL_NVIC_SetPriority                   0x080010cc   Section        0  stm32f4xx_hal_cortex.o(i.HAL_NVIC_SetPriority)
    i.HAL_NVIC_SetPriorityGrouping           0x0800110c   Section        0  stm32f4xx_hal_cortex.o(i.HAL_NVIC_SetPriorityGrouping)
    i.HAL_RCC_ClockConfig                    0x08001130   Section        0  stm32f4xx_hal_rcc.o(i.HAL_RCC_ClockConfig)
    i.HAL_RCC_GetClockConfig                 0x08001264   Section        0  stm32f4xx_hal_rcc.o(i.HAL_RCC_GetClockConfig)
    i.HAL_RCC_GetPCLK1Freq                   0x080012a4   Section        0  stm32f4xx_hal_rcc.o(i.HAL_RCC_GetPCLK1Freq)
    i.HAL_RCC_GetPCLK2Freq                   0x080012c4   Section        0  stm32f4xx_hal_rcc.o(i.HAL_RCC_GetPCLK2Freq)
    i.HAL_RCC_GetSysClockFreq                0x080012e4   Section        0  stm32f4xx_hal_rcc.o(i.HAL_RCC_GetSysClockFreq)
    i.HAL_RCC_OscConfig                      0x08001344   Section        0  stm32f4xx_hal_rcc.o(i.HAL_RCC_OscConfig)
    i.HAL_TIMEx_BreakCallback                0x080016b0   Section        0  stm32f4xx_hal_tim_ex.o(i.HAL_TIMEx_BreakCallback)
    i.HAL_TIMEx_CommutCallback               0x080016b2   Section        0  stm32f4xx_hal_tim_ex.o(i.HAL_TIMEx_CommutCallback)
    i.HAL_TIMEx_MasterConfigSynchronization  0x080016b4   Section        0  stm32f4xx_hal_tim_ex.o(i.HAL_TIMEx_MasterConfigSynchronization)
    i.HAL_TIM_Base_Init                      0x08001744   Section        0  stm32f4xx_hal_tim.o(i.HAL_TIM_Base_Init)
    i.HAL_TIM_Base_MspInit                   0x080017a0   Section        0  tim.o(i.HAL_TIM_Base_MspInit)
    i.HAL_TIM_Base_Start_IT                  0x080017f8   Section        0  stm32f4xx_hal_tim.o(i.HAL_TIM_Base_Start_IT)
    i.HAL_TIM_ConfigClockSource              0x08001878   Section        0  stm32f4xx_hal_tim.o(i.HAL_TIM_ConfigClockSource)
    i.HAL_TIM_IC_CaptureCallback             0x08001954   Section        0  stm32f4xx_hal_tim.o(i.HAL_TIM_IC_CaptureCallback)
    i.HAL_TIM_IRQHandler                     0x08001956   Section        0  stm32f4xx_hal_tim.o(i.HAL_TIM_IRQHandler)
    i.HAL_TIM_MspPostInit                    0x08001abc   Section        0  tim.o(i.HAL_TIM_MspPostInit)
    i.HAL_TIM_OC_DelayElapsedCallback        0x08001bac   Section        0  stm32f4xx_hal_tim.o(i.HAL_TIM_OC_DelayElapsedCallback)
    i.HAL_TIM_PWM_ConfigChannel              0x08001bae   Section        0  stm32f4xx_hal_tim.o(i.HAL_TIM_PWM_ConfigChannel)
    i.HAL_TIM_PWM_Init                       0x08001c7a   Section        0  stm32f4xx_hal_tim.o(i.HAL_TIM_PWM_Init)
    i.HAL_TIM_PWM_MspInit                    0x08001cd4   Section        0  stm32f4xx_hal_tim.o(i.HAL_TIM_PWM_MspInit)
    i.HAL_TIM_PWM_PulseFinishedCallback      0x08001cd6   Section        0  stm32f4xx_hal_tim.o(i.HAL_TIM_PWM_PulseFinishedCallback)
    i.HAL_TIM_PWM_Start                      0x08001cd8   Section        0  stm32f4xx_hal_tim.o(i.HAL_TIM_PWM_Start)
    i.HAL_TIM_PeriodElapsedCallback          0x08001da0   Section        0  main.o(i.HAL_TIM_PeriodElapsedCallback)
    i.HAL_TIM_TriggerCallback                0x08001db4   Section        0  stm32f4xx_hal_tim.o(i.HAL_TIM_TriggerCallback)
    i.HAL_UARTEx_RxEventCallback             0x08001db6   Section        0  stm32f4xx_hal_uart.o(i.HAL_UARTEx_RxEventCallback)
    i.HAL_UART_DMAStop                       0x08001db8   Section        0  stm32f4xx_hal_uart.o(i.HAL_UART_DMAStop)
    i.HAL_UART_ErrorCallback                 0x08001e28   Section        0  stm32f4xx_hal_uart.o(i.HAL_UART_ErrorCallback)
    i.HAL_UART_IRQHandler                    0x08001e2c   Section        0  stm32f4xx_hal_uart.o(i.HAL_UART_IRQHandler)
    i.HAL_UART_Init                          0x08002094   Section        0  stm32f4xx_hal_uart.o(i.HAL_UART_Init)
    i.HAL_UART_MspInit                       0x080020f8   Section        0  usart.o(i.HAL_UART_MspInit)
    i.HAL_UART_Receive_DMA                   0x08002264   Section        0  stm32f4xx_hal_uart.o(i.HAL_UART_Receive_DMA)
    i.HAL_UART_RxCpltCallback                0x0800228e   Section        0  stm32f4xx_hal_uart.o(i.HAL_UART_RxCpltCallback)
    i.HAL_UART_RxHalfCpltCallback            0x08002290   Section        0  stm32f4xx_hal_uart.o(i.HAL_UART_RxHalfCpltCallback)
    i.HAL_UART_Transmit                      0x08002294   Section        0  stm32f4xx_hal_uart.o(i.HAL_UART_Transmit)
    i.HAL_UART_TxCpltCallback                0x08002346   Section        0  stm32f4xx_hal_uart.o(i.HAL_UART_TxCpltCallback)
    i.HardFault_Handler                      0x08002348   Section        0  stm32f4xx_it.o(i.HardFault_Handler)
    i.MX_DMA_Init                            0x0800234c   Section        0  dma.o(i.MX_DMA_Init)
    i.MX_FREERTOS_Init                       0x08002388   Section        0  freertos.o(i.MX_FREERTOS_Init)
    i.MX_GPIO_Init                           0x080023f0   Section        0  gpio.o(i.MX_GPIO_Init)
    i.MX_TIM2_Init                           0x08002484   Section        0  tim.o(i.MX_TIM2_Init)
    i.MX_TIM3_Init                           0x0800252c   Section        0  tim.o(i.MX_TIM3_Init)
    i.MX_TIM5_Init                           0x080025f4   Section        0  tim.o(i.MX_TIM5_Init)
    i.MX_USART1_UART_Init                    0x0800269c   Section        0  usart.o(i.MX_USART1_UART_Init)
    i.MX_USART2_UART_Init                    0x080026d4   Section        0  usart.o(i.MX_USART2_UART_Init)
    i.MX_USART3_UART_Init                    0x0800270c   Section        0  usart.o(i.MX_USART3_UART_Init)
    i.MemManage_Handler                      0x08002744   Section        0  stm32f4xx_it.o(i.MemManage_Handler)
    i.NMI_Handler                            0x08002746   Section        0  stm32f4xx_it.o(i.NMI_Handler)
    i.StartDefaultTask                       0x08002748   Section        0  freertos.o(i.StartDefaultTask)
    i.Start_Debug_Task                       0x08002768   Section        0  freertos.o(i.Start_Debug_Task)
    i.Start_Motor_Task                       0x08002774   Section        0  freertos.o(i.Start_Motor_Task)
    i.SysTick_Handler                        0x08002784   Section        0  port.o(i.SysTick_Handler)
    i.SystemClock_Config                     0x080027b0   Section        0  main.o(i.SystemClock_Config)
    i.SystemInit                             0x08002844   Section        0  system_stm32f4xx.o(i.SystemInit)
    i.TIM6_DAC_IRQHandler                    0x08002854   Section        0  stm32f4xx_it.o(i.TIM6_DAC_IRQHandler)
    i.TIM_Base_SetConfig                     0x08002860   Section        0  stm32f4xx_hal_tim.o(i.TIM_Base_SetConfig)
    i.TIM_CCxChannelCmd                      0x08002928   Section        0  stm32f4xx_hal_tim.o(i.TIM_CCxChannelCmd)
    i.TIM_ETR_SetConfig                      0x08002942   Section        0  stm32f4xx_hal_tim.o(i.TIM_ETR_SetConfig)
    i.TIM_ITRx_SetConfig                     0x08002956   Section        0  stm32f4xx_hal_tim.o(i.TIM_ITRx_SetConfig)
    TIM_ITRx_SetConfig                       0x08002957   Thumb Code    16  stm32f4xx_hal_tim.o(i.TIM_ITRx_SetConfig)
    i.TIM_OC1_SetConfig                      0x08002968   Section        0  stm32f4xx_hal_tim.o(i.TIM_OC1_SetConfig)
    TIM_OC1_SetConfig                        0x08002969   Thumb Code    88  stm32f4xx_hal_tim.o(i.TIM_OC1_SetConfig)
    i.TIM_OC2_SetConfig                      0x080029c8   Section        0  stm32f4xx_hal_tim.o(i.TIM_OC2_SetConfig)
    i.TIM_OC3_SetConfig                      0x08002a34   Section        0  stm32f4xx_hal_tim.o(i.TIM_OC3_SetConfig)
    TIM_OC3_SetConfig                        0x08002a35   Thumb Code    96  stm32f4xx_hal_tim.o(i.TIM_OC3_SetConfig)
    i.TIM_OC4_SetConfig                      0x08002a9c   Section        0  stm32f4xx_hal_tim.o(i.TIM_OC4_SetConfig)
    TIM_OC4_SetConfig                        0x08002a9d   Thumb Code    70  stm32f4xx_hal_tim.o(i.TIM_OC4_SetConfig)
    i.TIM_TI1_ConfigInputStage               0x08002aec   Section        0  stm32f4xx_hal_tim.o(i.TIM_TI1_ConfigInputStage)
    TIM_TI1_ConfigInputStage                 0x08002aed   Thumb Code    34  stm32f4xx_hal_tim.o(i.TIM_TI1_ConfigInputStage)
    i.TIM_TI2_ConfigInputStage               0x08002b0e   Section        0  stm32f4xx_hal_tim.o(i.TIM_TI2_ConfigInputStage)
    TIM_TI2_ConfigInputStage                 0x08002b0f   Thumb Code    36  stm32f4xx_hal_tim.o(i.TIM_TI2_ConfigInputStage)
    i.Tracing                                0x08002b34   Section        0  motor.o(i.Tracing)
    i.UART_DMAAbortOnError                   0x08002c84   Section        0  stm32f4xx_hal_uart.o(i.UART_DMAAbortOnError)
    UART_DMAAbortOnError                     0x08002c85   Thumb Code    16  stm32f4xx_hal_uart.o(i.UART_DMAAbortOnError)
    i.UART_DMAError                          0x08002c94   Section        0  stm32f4xx_hal_uart.o(i.UART_DMAError)
    UART_DMAError                            0x08002c95   Thumb Code    74  stm32f4xx_hal_uart.o(i.UART_DMAError)
    i.UART_DMAReceiveCplt                    0x08002cde   Section        0  stm32f4xx_hal_uart.o(i.UART_DMAReceiveCplt)
    UART_DMAReceiveCplt                      0x08002cdf   Thumb Code   130  stm32f4xx_hal_uart.o(i.UART_DMAReceiveCplt)
    i.UART_DMARxHalfCplt                     0x08002d60   Section        0  stm32f4xx_hal_uart.o(i.UART_DMARxHalfCplt)
    UART_DMARxHalfCplt                       0x08002d61   Thumb Code    26  stm32f4xx_hal_uart.o(i.UART_DMARxHalfCplt)
    i.UART_EndRxTransfer                     0x08002d7a   Section        0  stm32f4xx_hal_uart.o(i.UART_EndRxTransfer)
    UART_EndRxTransfer                       0x08002d7b   Thumb Code    78  stm32f4xx_hal_uart.o(i.UART_EndRxTransfer)
    i.UART_EndTxTransfer                     0x08002dc8   Section        0  stm32f4xx_hal_uart.o(i.UART_EndTxTransfer)
    UART_EndTxTransfer                       0x08002dc9   Thumb Code    28  stm32f4xx_hal_uart.o(i.UART_EndTxTransfer)
    i.UART_Receive_IT                        0x08002de4   Section        0  stm32f4xx_hal_uart.o(i.UART_Receive_IT)
    UART_Receive_IT                          0x08002de5   Thumb Code   192  stm32f4xx_hal_uart.o(i.UART_Receive_IT)
    i.UART_SetConfig                         0x08002ea4   Section        0  stm32f4xx_hal_uart.o(i.UART_SetConfig)
    UART_SetConfig                           0x08002ea5   Thumb Code   258  stm32f4xx_hal_uart.o(i.UART_SetConfig)
    i.UART_Start_Receive_DMA                 0x08002fb0   Section        0  stm32f4xx_hal_uart.o(i.UART_Start_Receive_DMA)
    i.UART_WaitOnFlagUntilTimeout            0x08003044   Section        0  stm32f4xx_hal_uart.o(i.UART_WaitOnFlagUntilTimeout)
    UART_WaitOnFlagUntilTimeout              0x08003045   Thumb Code   120  stm32f4xx_hal_uart.o(i.UART_WaitOnFlagUntilTimeout)
    i.USART2_IRQHandler                      0x080030bc   Section        0  bluetooth.o(i.USART2_IRQHandler)
    i.UsageFault_Handler                     0x0800310c   Section        0  stm32f4xx_it.o(i.UsageFault_Handler)
    i.__0vsprintf                            0x08003110   Section        0  printfa.o(i.__0vsprintf)
    i.__NVIC_SetPriority                     0x08003134   Section        0  stm32f4xx_hal_cortex.o(i.__NVIC_SetPriority)
    __NVIC_SetPriority                       0x08003135   Thumb Code    32  stm32f4xx_hal_cortex.o(i.__NVIC_SetPriority)
    i.__scatterload_copy                     0x08003154   Section       14  handlers.o(i.__scatterload_copy)
    i.__scatterload_null                     0x08003162   Section        2  handlers.o(i.__scatterload_null)
    i.__scatterload_zeroinit                 0x08003164   Section       14  handlers.o(i.__scatterload_zeroinit)
    i._fp_digits                             0x08003174   Section        0  printfa.o(i._fp_digits)
    _fp_digits                               0x08003175   Thumb Code   366  printfa.o(i._fp_digits)
    i._printf_core                           0x080032f8   Section        0  printfa.o(i._printf_core)
    _printf_core                             0x080032f9   Thumb Code  1704  printfa.o(i._printf_core)
    i._printf_post_padding                   0x080039ac   Section        0  printfa.o(i._printf_post_padding)
    _printf_post_padding                     0x080039ad   Thumb Code    36  printfa.o(i._printf_post_padding)
    i._printf_pre_padding                    0x080039d0   Section        0  printfa.o(i._printf_pre_padding)
    _printf_pre_padding                      0x080039d1   Thumb Code    46  printfa.o(i._printf_pre_padding)
    i._sputc                                 0x080039fe   Section        0  printfa.o(i._sputc)
    _sputc                                   0x080039ff   Thumb Code    10  printfa.o(i._sputc)
    i.forward                                0x08003a08   Section        0  motor.o(i.forward)
    i.left                                   0x08003a70   Section        0  motor.o(i.left)
    i.main                                   0x08003aa8   Section        0  main.o(i.main)
    i.makeFreeRtosPriority                   0x08003ada   Section        0  cmsis_os.o(i.makeFreeRtosPriority)
    makeFreeRtosPriority                     0x08003adb   Thumb Code    12  cmsis_os.o(i.makeFreeRtosPriority)
    i.motor                                  0x08003ae8   Section        0  motor.o(i.motor)
    i.motor_init                             0x08003b70   Section        0  motor.o(i.motor_init)
    i.osDelay                                0x08003be8   Section        0  cmsis_os.o(i.osDelay)
    i.osKernelStart                          0x08003bf6   Section        0  cmsis_os.o(i.osKernelStart)
    i.osThreadCreate                         0x08003c00   Section        0  cmsis_os.o(i.osThreadCreate)
    i.prvAddCurrentTaskToDelayedList         0x08003c54   Section        0  tasks.o(i.prvAddCurrentTaskToDelayedList)
    prvAddCurrentTaskToDelayedList           0x08003c55   Thumb Code   102  tasks.o(i.prvAddCurrentTaskToDelayedList)
    i.prvAddNewTaskToReadyList               0x08003cc4   Section        0  tasks.o(i.prvAddNewTaskToReadyList)
    prvAddNewTaskToReadyList                 0x08003cc5   Thumb Code   194  tasks.o(i.prvAddNewTaskToReadyList)
    i.prvDeleteTCB                           0x08003d94   Section        0  tasks.o(i.prvDeleteTCB)
    prvDeleteTCB                             0x08003d95   Thumb Code    52  tasks.o(i.prvDeleteTCB)
    i.prvHeapInit                            0x08003dc8   Section        0  heap_4.o(i.prvHeapInit)
    prvHeapInit                              0x08003dc9   Thumb Code    66  heap_4.o(i.prvHeapInit)
    i.prvIdleTask                            0x08003e14   Section        0  tasks.o(i.prvIdleTask)
    prvIdleTask                              0x08003e15   Thumb Code    82  tasks.o(i.prvIdleTask)
    i.prvInitialiseNewTask                   0x08003e74   Section        0  tasks.o(i.prvInitialiseNewTask)
    prvInitialiseNewTask                     0x08003e75   Thumb Code   152  tasks.o(i.prvInitialiseNewTask)
    i.prvInsertBlockIntoFreeList             0x08003f0c   Section        0  heap_4.o(i.prvInsertBlockIntoFreeList)
    prvInsertBlockIntoFreeList               0x08003f0d   Thumb Code    72  heap_4.o(i.prvInsertBlockIntoFreeList)
    i.prvResetNextTaskUnblockTime            0x08003f58   Section        0  tasks.o(i.prvResetNextTaskUnblockTime)
    prvResetNextTaskUnblockTime              0x08003f59   Thumb Code    26  tasks.o(i.prvResetNextTaskUnblockTime)
    i.prvTaskExitError                       0x08003f78   Section        0  port.o(i.prvTaskExitError)
    prvTaskExitError                         0x08003f79   Thumb Code    36  port.o(i.prvTaskExitError)
    i.pvPortMalloc                           0x08003fa0   Section        0  heap_4.o(i.pvPortMalloc)
    i.pxPortInitialiseStack                  0x0800407c   Section        0  port.o(i.pxPortInitialiseStack)
    i.recede                                 0x080040a8   Section        0  motor.o(i.recede)
    i.right                                  0x08004110   Section        0  motor.o(i.right)
    i.stop                                   0x08004148   Section        0  motor.o(i.stop)
    i.usart_printf                           0x08004180   Section        0  user_debug.o(i.usart_printf)
    i.uxListRemove                           0x080041b8   Section        0  list.o(i.uxListRemove)
    i.vApplicationGetIdleTaskMemory          0x080041e0   Section        0  freertos.o(i.vApplicationGetIdleTaskMemory)
    i.vListInitialise                        0x080041f4   Section        0  list.o(i.vListInitialise)
    i.vListInitialiseItem                    0x0800420a   Section        0  list.o(i.vListInitialiseItem)
    i.vListInsert                            0x08004210   Section        0  list.o(i.vListInsert)
    i.vListInsertEnd                         0x08004240   Section        0  list.o(i.vListInsertEnd)
    i.vPortEnterCritical                     0x08004258   Section        0  port.o(i.vPortEnterCritical)
    i.vPortExitCritical                      0x08004298   Section        0  port.o(i.vPortExitCritical)
    i.vPortFree                              0x080042c0   Section        0  heap_4.o(i.vPortFree)
    i.vPortSetupTimerInterrupt               0x08004324   Section        0  port.o(i.vPortSetupTimerInterrupt)
    i.vTaskDelay                             0x08004348   Section        0  tasks.o(i.vTaskDelay)
    i.vTaskStartScheduler                    0x08004394   Section        0  tasks.o(i.vTaskStartScheduler)
    i.vTaskSuspendAll                        0x08004400   Section        0  tasks.o(i.vTaskSuspendAll)
    i.vTaskSwitchContext                     0x08004410   Section        0  tasks.o(i.vTaskSwitchContext)
    i.xPortStartScheduler                    0x0800446c   Section        0  port.o(i.xPortStartScheduler)
    i.xTaskCreate                            0x08004560   Section        0  tasks.o(i.xTaskCreate)
    i.xTaskCreateStatic                      0x080045ba   Section        0  tasks.o(i.xTaskCreateStatic)
    i.xTaskIncrementTick                     0x08004610   Section        0  tasks.o(i.xTaskIncrementTick)
    i.xTaskResumeAll                         0x080046dc   Section        0  tasks.o(i.xTaskResumeAll)
    .constdata                               0x080047a0   Section      112  freertos.o(.constdata)
    .constdata                               0x08004810   Section        8  stm32f4xx_hal_dma.o(.constdata)
    flagBitshiftOffset                       0x08004810   Data           8  stm32f4xx_hal_dma.o(.constdata)
    .constdata                               0x08004818   Section       16  system_stm32f4xx.o(.constdata)
    .constdata                               0x08004828   Section        8  system_stm32f4xx.o(.constdata)
    .conststring                             0x08004830   Section       44  freertos.o(.conststring)
    .data                                    0x20000000   Section       16  freertos.o(.data)
    .data                                    0x20000010   Section       12  stm32f4xx_hal.o(.data)
    .data                                    0x2000001c   Section        4  system_stm32f4xx.o(.data)
    .data                                    0x20000020   Section       60  tasks.o(.data)
    uxDeletedTasksWaitingCleanUp             0x20000024   Data           4  tasks.o(.data)
    uxCurrentNumberOfTasks                   0x20000028   Data           4  tasks.o(.data)
    xTickCount                               0x2000002c   Data           4  tasks.o(.data)
    uxTopReadyPriority                       0x20000030   Data           4  tasks.o(.data)
    xSchedulerRunning                        0x20000034   Data           4  tasks.o(.data)
    xPendedTicks                             0x20000038   Data           4  tasks.o(.data)
    xYieldPending                            0x2000003c   Data           4  tasks.o(.data)
    xNumOfOverflows                          0x20000040   Data           4  tasks.o(.data)
    uxTaskNumber                             0x20000044   Data           4  tasks.o(.data)
    xNextTaskUnblockTime                     0x20000048   Data           4  tasks.o(.data)
    xIdleTaskHandle                          0x2000004c   Data           4  tasks.o(.data)
    uxSchedulerSuspended                     0x20000050   Data           4  tasks.o(.data)
    pxDelayedTaskList                        0x20000054   Data           4  tasks.o(.data)
    pxOverflowDelayedTaskList                0x20000058   Data           4  tasks.o(.data)
    .data                                    0x2000005c   Section       32  heap_4.o(.data)
    pxEnd                                    0x2000005c   Data           4  heap_4.o(.data)
    xFreeBytesRemaining                      0x20000060   Data           4  heap_4.o(.data)
    xMinimumEverFreeBytesRemaining           0x20000064   Data           4  heap_4.o(.data)
    xNumberOfSuccessfulAllocations           0x20000068   Data           4  heap_4.o(.data)
    xNumberOfSuccessfulFrees                 0x2000006c   Data           4  heap_4.o(.data)
    xBlockAllocatedBit                       0x20000070   Data           4  heap_4.o(.data)
    xStart                                   0x20000074   Data           8  heap_4.o(.data)
    .data                                    0x2000007c   Section       12  port.o(.data)
    ucMaxSysCallPriority                     0x2000007c   Data           1  port.o(.data)
    uxCriticalNesting                        0x20000080   Data           4  port.o(.data)
    ulMaxPRIGROUPValue                       0x20000084   Data           4  port.o(.data)
    .data                                    0x20000088   Section        8  user_debug.o(.data)
    len                                      0x20000088   Data           2  user_debug.o(.data)
    ap                                       0x2000008c   Data           4  user_debug.o(.data)
    .data                                    0x20000090   Section        1  motor.o(.data)
    .data                                    0x20000092   Section        6  bluetooth.o(.data)
    .bss                                     0x20000098   Section      596  freertos.o(.bss)
    xIdleTaskTCBBuffer                       0x20000098   Data          84  freertos.o(.bss)
    xIdleStack                               0x200000ec   Data         512  freertos.o(.bss)
    .bss                                     0x200002ec   Section      216  tim.o(.bss)
    .bss                                     0x200003c4   Section      396  usart.o(.bss)
    .bss                                     0x20000550   Section       72  stm32f4xx_hal_timebase_tim.o(.bss)
    .bss                                     0x20000598   Section      240  tasks.o(.bss)
    pxReadyTasksLists                        0x20000598   Data         140  tasks.o(.bss)
    xDelayedTaskList1                        0x20000624   Data          20  tasks.o(.bss)
    xDelayedTaskList2                        0x20000638   Data          20  tasks.o(.bss)
    xPendingReadyList                        0x2000064c   Data          20  tasks.o(.bss)
    xTasksWaitingTermination                 0x20000660   Data          20  tasks.o(.bss)
    xSuspendedTaskList                       0x20000674   Data          20  tasks.o(.bss)
    .bss                                     0x20000688   Section    15360  heap_4.o(.bss)
    ucHeap                                   0x20000688   Data       15360  heap_4.o(.bss)
    .bss                                     0x20004288   Section      256  user_debug.o(.bss)
    tx_buf                                   0x20004288   Data         256  user_debug.o(.bss)
    STACK                                    0x20004388   Section     1024  startup_stm32f405xx.o(STACK)

    Global Symbols

    Symbol Name                              Value     Ov Type        Size  Object(Section)

    BuildAttributes$$THM_ISAv4$E$P$D$K$B$S$7EM$VFPi3$EXTD16$VFPS$VFMA$PE$A:L22UL41UL21$X:L11$S22US41US21$IEEE1$IW$USESV6$~STKCKD$USESV7$~SHL$OSPACE$ROPI$EBA8$MICROLIB$REQ8$PRES8$EABIv2 0x00000000   Number         0  anon$$obj.o ABSOLUTE
    __ARM_use_no_argv                        0x00000000   Number         0  main.o ABSOLUTE
    __arm_fini_                               - Undefined Weak Reference
    __cpp_initialize__aeabi_                  - Undefined Weak Reference
    __cxa_finalize                            - Undefined Weak Reference
    __decompress                              - Undefined Weak Reference
    _clock_init                               - Undefined Weak Reference
    _microlib_exit                            - Undefined Weak Reference
    __Vectors_Size                           0x00000188   Number         0  startup_stm32f405xx.o ABSOLUTE
    __Vectors                                0x08000000   Data           4  startup_stm32f405xx.o(RESET)
    __Vectors_End                            0x08000188   Data           0  startup_stm32f405xx.o(RESET)
    __main                                   0x08000189   Thumb Code     0  entry.o(.ARM.Collect$$$$00000000)
    _main_stk                                0x08000189   Thumb Code     0  entry2.o(.ARM.Collect$$$$00000001)
    _main_scatterload                        0x0800018d   Thumb Code     0  entry5.o(.ARM.Collect$$$$00000004)
    __main_after_scatterload                 0x08000191   Thumb Code     0  entry5.o(.ARM.Collect$$$$00000004)
    _main_clock                              0x08000191   Thumb Code     0  entry7b.o(.ARM.Collect$$$$00000008)
    _main_cpp_init                           0x08000191   Thumb Code     0  entry8b.o(.ARM.Collect$$$$0000000A)
    _main_init                               0x08000191   Thumb Code     0  entry9a.o(.ARM.Collect$$$$0000000B)
    __rt_lib_shutdown_fini                   0x08000199   Thumb Code     0  entry12b.o(.ARM.Collect$$$$0000000E)
    __rt_final_cpp                           0x0800019d   Thumb Code     0  entry10a.o(.ARM.Collect$$$$0000000F)
    __rt_final_exit                          0x0800019d   Thumb Code     0  entry11a.o(.ARM.Collect$$$$00000011)
    SVC_Handler                              0x080001a1   Thumb Code    28  port.o(.emb_text)
    __asm___6_port_c_39a90d8d__prvStartFirstTask 0x080001c1   Thumb Code    36  port.o(.emb_text)
    __asm___6_port_c_39a90d8d__prvEnableVFP  0x080001e9   Thumb Code    16  port.o(.emb_text)
    PendSV_Handler                           0x080001fd   Thumb Code    88  port.o(.emb_text)
    vPortGetIPSR                             0x08000259   Thumb Code     6  port.o(.emb_text)
    Reset_Handler                            0x08000261   Thumb Code     8  startup_stm32f405xx.o(.text)
    ADC_IRQHandler                           0x0800027b   Thumb Code     0  startup_stm32f405xx.o(.text)
    CAN1_RX0_IRQHandler                      0x0800027b   Thumb Code     0  startup_stm32f405xx.o(.text)
    CAN1_RX1_IRQHandler                      0x0800027b   Thumb Code     0  startup_stm32f405xx.o(.text)
    CAN1_SCE_IRQHandler                      0x0800027b   Thumb Code     0  startup_stm32f405xx.o(.text)
    CAN1_TX_IRQHandler                       0x0800027b   Thumb Code     0  startup_stm32f405xx.o(.text)
    CAN2_RX0_IRQHandler                      0x0800027b   Thumb Code     0  startup_stm32f405xx.o(.text)
    CAN2_RX1_IRQHandler                      0x0800027b   Thumb Code     0  startup_stm32f405xx.o(.text)
    CAN2_SCE_IRQHandler                      0x0800027b   Thumb Code     0  startup_stm32f405xx.o(.text)
    CAN2_TX_IRQHandler                       0x0800027b   Thumb Code     0  startup_stm32f405xx.o(.text)
    DMA1_Stream0_IRQHandler                  0x0800027b   Thumb Code     0  startup_stm32f405xx.o(.text)
    DMA1_Stream1_IRQHandler                  0x0800027b   Thumb Code     0  startup_stm32f405xx.o(.text)
    DMA1_Stream2_IRQHandler                  0x0800027b   Thumb Code     0  startup_stm32f405xx.o(.text)
    DMA1_Stream3_IRQHandler                  0x0800027b   Thumb Code     0  startup_stm32f405xx.o(.text)
    DMA1_Stream4_IRQHandler                  0x0800027b   Thumb Code     0  startup_stm32f405xx.o(.text)
    DMA1_Stream7_IRQHandler                  0x0800027b   Thumb Code     0  startup_stm32f405xx.o(.text)
    DMA2_Stream0_IRQHandler                  0x0800027b   Thumb Code     0  startup_stm32f405xx.o(.text)
    DMA2_Stream1_IRQHandler                  0x0800027b   Thumb Code     0  startup_stm32f405xx.o(.text)
    DMA2_Stream2_IRQHandler                  0x0800027b   Thumb Code     0  startup_stm32f405xx.o(.text)
    DMA2_Stream3_IRQHandler                  0x0800027b   Thumb Code     0  startup_stm32f405xx.o(.text)
    DMA2_Stream4_IRQHandler                  0x0800027b   Thumb Code     0  startup_stm32f405xx.o(.text)
    DMA2_Stream5_IRQHandler                  0x0800027b   Thumb Code     0  startup_stm32f405xx.o(.text)
    DMA2_Stream6_IRQHandler                  0x0800027b   Thumb Code     0  startup_stm32f405xx.o(.text)
    DMA2_Stream7_IRQHandler                  0x0800027b   Thumb Code     0  startup_stm32f405xx.o(.text)
    EXTI0_IRQHandler                         0x0800027b   Thumb Code     0  startup_stm32f405xx.o(.text)
    EXTI15_10_IRQHandler                     0x0800027b   Thumb Code     0  startup_stm32f405xx.o(.text)
    EXTI1_IRQHandler                         0x0800027b   Thumb Code     0  startup_stm32f405xx.o(.text)
    EXTI2_IRQHandler                         0x0800027b   Thumb Code     0  startup_stm32f405xx.o(.text)
    EXTI3_IRQHandler                         0x0800027b   Thumb Code     0  startup_stm32f405xx.o(.text)
    EXTI4_IRQHandler                         0x0800027b   Thumb Code     0  startup_stm32f405xx.o(.text)
    EXTI9_5_IRQHandler                       0x0800027b   Thumb Code     0  startup_stm32f405xx.o(.text)
    FLASH_IRQHandler                         0x0800027b   Thumb Code     0  startup_stm32f405xx.o(.text)
    FMC_IRQHandler                           0x0800027b   Thumb Code     0  startup_stm32f405xx.o(.text)
    FPU_IRQHandler                           0x0800027b   Thumb Code     0  startup_stm32f405xx.o(.text)
    HASH_RNG_IRQHandler                      0x0800027b   Thumb Code     0  startup_stm32f405xx.o(.text)
    I2C1_ER_IRQHandler                       0x0800027b   Thumb Code     0  startup_stm32f405xx.o(.text)
    I2C1_EV_IRQHandler                       0x0800027b   Thumb Code     0  startup_stm32f405xx.o(.text)
    I2C2_ER_IRQHandler                       0x0800027b   Thumb Code     0  startup_stm32f405xx.o(.text)
    I2C2_EV_IRQHandler                       0x0800027b   Thumb Code     0  startup_stm32f405xx.o(.text)
    I2C3_ER_IRQHandler                       0x0800027b   Thumb Code     0  startup_stm32f405xx.o(.text)
    I2C3_EV_IRQHandler                       0x0800027b   Thumb Code     0  startup_stm32f405xx.o(.text)
    OTG_FS_IRQHandler                        0x0800027b   Thumb Code     0  startup_stm32f405xx.o(.text)
    OTG_FS_WKUP_IRQHandler                   0x0800027b   Thumb Code     0  startup_stm32f405xx.o(.text)
    OTG_HS_EP1_IN_IRQHandler                 0x0800027b   Thumb Code     0  startup_stm32f405xx.o(.text)
    OTG_HS_EP1_OUT_IRQHandler                0x0800027b   Thumb Code     0  startup_stm32f405xx.o(.text)
    OTG_HS_IRQHandler                        0x0800027b   Thumb Code     0  startup_stm32f405xx.o(.text)
    OTG_HS_WKUP_IRQHandler                   0x0800027b   Thumb Code     0  startup_stm32f405xx.o(.text)
    PVD_IRQHandler                           0x0800027b   Thumb Code     0  startup_stm32f405xx.o(.text)
    RCC_IRQHandler                           0x0800027b   Thumb Code     0  startup_stm32f405xx.o(.text)
    RTC_Alarm_IRQHandler                     0x0800027b   Thumb Code     0  startup_stm32f405xx.o(.text)
    RTC_WKUP_IRQHandler                      0x0800027b   Thumb Code     0  startup_stm32f405xx.o(.text)
    SDIO_IRQHandler                          0x0800027b   Thumb Code     0  startup_stm32f405xx.o(.text)
    SPI1_IRQHandler                          0x0800027b   Thumb Code     0  startup_stm32f405xx.o(.text)
    SPI2_IRQHandler                          0x0800027b   Thumb Code     0  startup_stm32f405xx.o(.text)
    SPI3_IRQHandler                          0x0800027b   Thumb Code     0  startup_stm32f405xx.o(.text)
    TAMP_STAMP_IRQHandler                    0x0800027b   Thumb Code     0  startup_stm32f405xx.o(.text)
    TIM1_BRK_TIM9_IRQHandler                 0x0800027b   Thumb Code     0  startup_stm32f405xx.o(.text)
    TIM1_CC_IRQHandler                       0x0800027b   Thumb Code     0  startup_stm32f405xx.o(.text)
    TIM1_TRG_COM_TIM11_IRQHandler            0x0800027b   Thumb Code     0  startup_stm32f405xx.o(.text)
    TIM1_UP_TIM10_IRQHandler                 0x0800027b   Thumb Code     0  startup_stm32f405xx.o(.text)
    TIM2_IRQHandler                          0x0800027b   Thumb Code     0  startup_stm32f405xx.o(.text)
    TIM3_IRQHandler                          0x0800027b   Thumb Code     0  startup_stm32f405xx.o(.text)
    TIM4_IRQHandler                          0x0800027b   Thumb Code     0  startup_stm32f405xx.o(.text)
    TIM5_IRQHandler                          0x0800027b   Thumb Code     0  startup_stm32f405xx.o(.text)
    TIM7_IRQHandler                          0x0800027b   Thumb Code     0  startup_stm32f405xx.o(.text)
    TIM8_BRK_TIM12_IRQHandler                0x0800027b   Thumb Code     0  startup_stm32f405xx.o(.text)
    TIM8_CC_IRQHandler                       0x0800027b   Thumb Code     0  startup_stm32f405xx.o(.text)
    TIM8_TRG_COM_TIM14_IRQHandler            0x0800027b   Thumb Code     0  startup_stm32f405xx.o(.text)
    TIM8_UP_TIM13_IRQHandler                 0x0800027b   Thumb Code     0  startup_stm32f405xx.o(.text)
    UART4_IRQHandler                         0x0800027b   Thumb Code     0  startup_stm32f405xx.o(.text)
    UART5_IRQHandler                         0x0800027b   Thumb Code     0  startup_stm32f405xx.o(.text)
    USART1_IRQHandler                        0x0800027b   Thumb Code     0  startup_stm32f405xx.o(.text)
    USART3_IRQHandler                        0x0800027b   Thumb Code     0  startup_stm32f405xx.o(.text)
    USART6_IRQHandler                        0x0800027b   Thumb Code     0  startup_stm32f405xx.o(.text)
    WWDG_IRQHandler                          0x0800027b   Thumb Code     0  startup_stm32f405xx.o(.text)
    __aeabi_uldivmod                         0x08000285   Thumb Code    98  uldiv.o(.text)
    __aeabi_memcpy                           0x080002e7   Thumb Code    36  memcpya.o(.text)
    __aeabi_memcpy4                          0x080002e7   Thumb Code     0  memcpya.o(.text)
    __aeabi_memcpy8                          0x080002e7   Thumb Code     0  memcpya.o(.text)
    __aeabi_memset                           0x0800030b   Thumb Code    14  memseta.o(.text)
    __aeabi_memset4                          0x0800030b   Thumb Code     0  memseta.o(.text)
    __aeabi_memset8                          0x0800030b   Thumb Code     0  memseta.o(.text)
    __aeabi_memclr                           0x08000319   Thumb Code     4  memseta.o(.text)
    __aeabi_memclr4                          0x08000319   Thumb Code     0  memseta.o(.text)
    __aeabi_memclr8                          0x08000319   Thumb Code     0  memseta.o(.text)
    memset                                   0x0800031d   Thumb Code    18  memseta.o(.text)
    __aeabi_uidiv                            0x0800032f   Thumb Code     0  uidiv.o(.text)
    __aeabi_uidivmod                         0x0800032f   Thumb Code    44  uidiv.o(.text)
    __aeabi_llsl                             0x0800035b   Thumb Code    30  llshl.o(.text)
    _ll_shift_l                              0x0800035b   Thumb Code     0  llshl.o(.text)
    __aeabi_llsr                             0x08000379   Thumb Code    32  llushr.o(.text)
    _ll_ushift_r                             0x08000379   Thumb Code     0  llushr.o(.text)
    __I$use$fp                               0x08000399   Thumb Code     0  iusefp.o(.text)
    __aeabi_dadd                             0x08000399   Thumb Code   322  dadd.o(.text)
    __aeabi_dsub                             0x080004db   Thumb Code     6  dadd.o(.text)
    __aeabi_drsub                            0x080004e1   Thumb Code     6  dadd.o(.text)
    __aeabi_dmul                             0x080004e7   Thumb Code   228  dmul.o(.text)
    __aeabi_ddiv                             0x080005cb   Thumb Code   222  ddiv.o(.text)
    __aeabi_d2ulz                            0x080006a9   Thumb Code    48  dfixul.o(.text)
    __aeabi_cdrcmple                         0x080006d9   Thumb Code    48  cdrcmple.o(.text)
    __scatterload                            0x08000709   Thumb Code    28  init.o(.text)
    __scatterload_rt2                        0x08000709   Thumb Code     0  init.o(.text)
    __aeabi_lasr                             0x0800072d   Thumb Code    36  llsshr.o(.text)
    _ll_sshift_r                             0x0800072d   Thumb Code     0  llsshr.o(.text)
    _double_round                            0x08000751   Thumb Code    30  depilogue.o(.text)
    _double_epilogue                         0x0800076f   Thumb Code   156  depilogue.o(.text)
    BT_Task_Task                             0x0800080b   Thumb Code    16  freertos.o(i.BT_Task_Task)
    BT_init                                  0x0800081d   Thumb Code    24  bluetooth.o(i.BT_init)
    BusFault_Handler                         0x0800083d   Thumb Code     2  stm32f4xx_it.o(i.BusFault_Handler)
    CCW                                      0x08000841   Thumb Code    68  motor.o(i.CCW)
    CW                                       0x080008a5   Thumb Code    68  motor.o(i.CW)
    Check_Rx                                 0x08000909   Thumb Code    16  bluetooth.o(i.Check_Rx)
    DMA1_Stream5_IRQHandler                  0x0800091d   Thumb Code     6  stm32f4xx_it.o(i.DMA1_Stream5_IRQHandler)
    DMA1_Stream6_IRQHandler                  0x08000929   Thumb Code     6  stm32f4xx_it.o(i.DMA1_Stream6_IRQHandler)
    DebugMon_Handler                         0x080009d9   Thumb Code     2  stm32f4xx_it.o(i.DebugMon_Handler)
    Debug_Usart                              0x080009db   Thumb Code     2  user_debug.o(i.Debug_Usart)
    Error_Handler                            0x080009dd   Thumb Code     4  main.o(i.Error_Handler)
    HAL_DMA_Abort                            0x080009e1   Thumb Code   146  stm32f4xx_hal_dma.o(i.HAL_DMA_Abort)
    HAL_DMA_Abort_IT                         0x08000a73   Thumb Code    36  stm32f4xx_hal_dma.o(i.HAL_DMA_Abort_IT)
    HAL_DMA_IRQHandler                       0x08000a99   Thumb Code   412  stm32f4xx_hal_dma.o(i.HAL_DMA_IRQHandler)
    HAL_DMA_Init                             0x08000c39   Thumb Code   206  stm32f4xx_hal_dma.o(i.HAL_DMA_Init)
    HAL_DMA_Start_IT                         0x08000d0d   Thumb Code   110  stm32f4xx_hal_dma.o(i.HAL_DMA_Start_IT)
    HAL_GPIO_Init                            0x08000d7d   Thumb Code   450  stm32f4xx_hal_gpio.o(i.HAL_GPIO_Init)
    HAL_GPIO_ReadPin                         0x08000f6d   Thumb Code    10  stm32f4xx_hal_gpio.o(i.HAL_GPIO_ReadPin)
    HAL_GPIO_TogglePin                       0x08000f77   Thumb Code    16  stm32f4xx_hal_gpio.o(i.HAL_GPIO_TogglePin)
    HAL_GPIO_WritePin                        0x08000f87   Thumb Code    10  stm32f4xx_hal_gpio.o(i.HAL_GPIO_WritePin)
    HAL_GetTick                              0x08000f91   Thumb Code     6  stm32f4xx_hal.o(i.HAL_GetTick)
    HAL_IncTick                              0x08000f9d   Thumb Code    12  stm32f4xx_hal.o(i.HAL_IncTick)
    HAL_Init                                 0x08000fad   Thumb Code    48  stm32f4xx_hal.o(i.HAL_Init)
    HAL_InitTick                             0x08000fe1   Thumb Code   132  stm32f4xx_hal_timebase_tim.o(i.HAL_InitTick)
    HAL_MspInit                              0x08001079   Thumb Code    52  stm32f4xx_hal_msp.o(i.HAL_MspInit)
    HAL_NVIC_EnableIRQ                       0x080010b1   Thumb Code    26  stm32f4xx_hal_cortex.o(i.HAL_NVIC_EnableIRQ)
    HAL_NVIC_SetPriority                     0x080010cd   Thumb Code    60  stm32f4xx_hal_cortex.o(i.HAL_NVIC_SetPriority)
    HAL_NVIC_SetPriorityGrouping             0x0800110d   Thumb Code    26  stm32f4xx_hal_cortex.o(i.HAL_NVIC_SetPriorityGrouping)
    HAL_RCC_ClockConfig                      0x08001131   Thumb Code   288  stm32f4xx_hal_rcc.o(i.HAL_RCC_ClockConfig)
    HAL_RCC_GetClockConfig                   0x08001265   Thumb Code    54  stm32f4xx_hal_rcc.o(i.HAL_RCC_GetClockConfig)
    HAL_RCC_GetPCLK1Freq                     0x080012a5   Thumb Code    20  stm32f4xx_hal_rcc.o(i.HAL_RCC_GetPCLK1Freq)
    HAL_RCC_GetPCLK2Freq                     0x080012c5   Thumb Code    20  stm32f4xx_hal_rcc.o(i.HAL_RCC_GetPCLK2Freq)
    HAL_RCC_GetSysClockFreq                  0x080012e5   Thumb Code    88  stm32f4xx_hal_rcc.o(i.HAL_RCC_GetSysClockFreq)
    HAL_RCC_OscConfig                        0x08001345   Thumb Code   856  stm32f4xx_hal_rcc.o(i.HAL_RCC_OscConfig)
    HAL_TIMEx_BreakCallback                  0x080016b1   Thumb Code     2  stm32f4xx_hal_tim_ex.o(i.HAL_TIMEx_BreakCallback)
    HAL_TIMEx_CommutCallback                 0x080016b3   Thumb Code     2  stm32f4xx_hal_tim_ex.o(i.HAL_TIMEx_CommutCallback)
    HAL_TIMEx_MasterConfigSynchronization    0x080016b5   Thumb Code   116  stm32f4xx_hal_tim_ex.o(i.HAL_TIMEx_MasterConfigSynchronization)
    HAL_TIM_Base_Init                        0x08001745   Thumb Code    90  stm32f4xx_hal_tim.o(i.HAL_TIM_Base_Init)
    HAL_TIM_Base_MspInit                     0x080017a1   Thumb Code    74  tim.o(i.HAL_TIM_Base_MspInit)
    HAL_TIM_Base_Start_IT                    0x080017f9   Thumb Code   100  stm32f4xx_hal_tim.o(i.HAL_TIM_Base_Start_IT)
    HAL_TIM_ConfigClockSource                0x08001879   Thumb Code   220  stm32f4xx_hal_tim.o(i.HAL_TIM_ConfigClockSource)
    HAL_TIM_IC_CaptureCallback               0x08001955   Thumb Code     2  stm32f4xx_hal_tim.o(i.HAL_TIM_IC_CaptureCallback)
    HAL_TIM_IRQHandler                       0x08001957   Thumb Code   358  stm32f4xx_hal_tim.o(i.HAL_TIM_IRQHandler)
    HAL_TIM_MspPostInit                      0x08001abd   Thumb Code   218  tim.o(i.HAL_TIM_MspPostInit)
    HAL_TIM_OC_DelayElapsedCallback          0x08001bad   Thumb Code     2  stm32f4xx_hal_tim.o(i.HAL_TIM_OC_DelayElapsedCallback)
    HAL_TIM_PWM_ConfigChannel                0x08001baf   Thumb Code   204  stm32f4xx_hal_tim.o(i.HAL_TIM_PWM_ConfigChannel)
    HAL_TIM_PWM_Init                         0x08001c7b   Thumb Code    90  stm32f4xx_hal_tim.o(i.HAL_TIM_PWM_Init)
    HAL_TIM_PWM_MspInit                      0x08001cd5   Thumb Code     2  stm32f4xx_hal_tim.o(i.HAL_TIM_PWM_MspInit)
    HAL_TIM_PWM_PulseFinishedCallback        0x08001cd7   Thumb Code     2  stm32f4xx_hal_tim.o(i.HAL_TIM_PWM_PulseFinishedCallback)
    HAL_TIM_PWM_Start                        0x08001cd9   Thumb Code   172  stm32f4xx_hal_tim.o(i.HAL_TIM_PWM_Start)
    HAL_TIM_PeriodElapsedCallback            0x08001da1   Thumb Code    14  main.o(i.HAL_TIM_PeriodElapsedCallback)
    HAL_TIM_TriggerCallback                  0x08001db5   Thumb Code     2  stm32f4xx_hal_tim.o(i.HAL_TIM_TriggerCallback)
    HAL_UARTEx_RxEventCallback               0x08001db7   Thumb Code     2  stm32f4xx_hal_uart.o(i.HAL_UARTEx_RxEventCallback)
    HAL_UART_DMAStop                         0x08001db9   Thumb Code   112  stm32f4xx_hal_uart.o(i.HAL_UART_DMAStop)
    HAL_UART_ErrorCallback                   0x08001e29   Thumb Code     2  stm32f4xx_hal_uart.o(i.HAL_UART_ErrorCallback)
    HAL_UART_IRQHandler                      0x08001e2d   Thumb Code   610  stm32f4xx_hal_uart.o(i.HAL_UART_IRQHandler)
    HAL_UART_Init                            0x08002095   Thumb Code    98  stm32f4xx_hal_uart.o(i.HAL_UART_Init)
    HAL_UART_MspInit                         0x080020f9   Thumb Code   330  usart.o(i.HAL_UART_MspInit)
    HAL_UART_Receive_DMA                     0x08002265   Thumb Code    42  stm32f4xx_hal_uart.o(i.HAL_UART_Receive_DMA)
    HAL_UART_RxCpltCallback                  0x0800228f   Thumb Code     2  stm32f4xx_hal_uart.o(i.HAL_UART_RxCpltCallback)
    HAL_UART_RxHalfCpltCallback              0x08002291   Thumb Code     2  stm32f4xx_hal_uart.o(i.HAL_UART_RxHalfCpltCallback)
    HAL_UART_Transmit                        0x08002295   Thumb Code   178  stm32f4xx_hal_uart.o(i.HAL_UART_Transmit)
    HAL_UART_TxCpltCallback                  0x08002347   Thumb Code     2  stm32f4xx_hal_uart.o(i.HAL_UART_TxCpltCallback)
    HardFault_Handler                        0x08002349   Thumb Code     2  stm32f4xx_it.o(i.HardFault_Handler)
    MX_DMA_Init                              0x0800234d   Thumb Code    56  dma.o(i.MX_DMA_Init)
    MX_FREERTOS_Init                         0x08002389   Thumb Code    96  freertos.o(i.MX_FREERTOS_Init)
    MX_GPIO_Init                             0x080023f1   Thumb Code   136  gpio.o(i.MX_GPIO_Init)
    MX_TIM2_Init                             0x08002485   Thumb Code   162  tim.o(i.MX_TIM2_Init)
    MX_TIM3_Init                             0x0800252d   Thumb Code   192  tim.o(i.MX_TIM3_Init)
    MX_TIM5_Init                             0x080025f5   Thumb Code   160  tim.o(i.MX_TIM5_Init)
    MX_USART1_UART_Init                      0x0800269d   Thumb Code    48  usart.o(i.MX_USART1_UART_Init)
    MX_USART2_UART_Init                      0x080026d5   Thumb Code    48  usart.o(i.MX_USART2_UART_Init)
    MX_USART3_UART_Init                      0x0800270d   Thumb Code    48  usart.o(i.MX_USART3_UART_Init)
    MemManage_Handler                        0x08002745   Thumb Code     2  stm32f4xx_it.o(i.MemManage_Handler)
    NMI_Handler                              0x08002747   Thumb Code     2  stm32f4xx_it.o(i.NMI_Handler)
    StartDefaultTask                         0x08002749   Thumb Code    26  freertos.o(i.StartDefaultTask)
    Start_Debug_Task                         0x08002769   Thumb Code    12  freertos.o(i.Start_Debug_Task)
    Start_Motor_Task                         0x08002775   Thumb Code    16  freertos.o(i.Start_Motor_Task)
    SysTick_Handler                          0x08002785   Thumb Code    38  port.o(i.SysTick_Handler)
    SystemClock_Config                       0x080027b1   Thumb Code   138  main.o(i.SystemClock_Config)
    SystemInit                               0x08002845   Thumb Code    12  system_stm32f4xx.o(i.SystemInit)
    TIM6_DAC_IRQHandler                      0x08002855   Thumb Code     6  stm32f4xx_it.o(i.TIM6_DAC_IRQHandler)
    TIM_Base_SetConfig                       0x08002861   Thumb Code   156  stm32f4xx_hal_tim.o(i.TIM_Base_SetConfig)
    TIM_CCxChannelCmd                        0x08002929   Thumb Code    26  stm32f4xx_hal_tim.o(i.TIM_CCxChannelCmd)
    TIM_ETR_SetConfig                        0x08002943   Thumb Code    20  stm32f4xx_hal_tim.o(i.TIM_ETR_SetConfig)
    TIM_OC2_SetConfig                        0x080029c9   Thumb Code    98  stm32f4xx_hal_tim.o(i.TIM_OC2_SetConfig)
    Tracing                                  0x08002b35   Thumb Code   286  motor.o(i.Tracing)
    UART_Start_Receive_DMA                   0x08002fb1   Thumb Code   134  stm32f4xx_hal_uart.o(i.UART_Start_Receive_DMA)
    USART2_IRQHandler                        0x080030bd   Thumb Code    68  bluetooth.o(i.USART2_IRQHandler)
    UsageFault_Handler                       0x0800310d   Thumb Code     2  stm32f4xx_it.o(i.UsageFault_Handler)
    __0vsprintf                              0x08003111   Thumb Code    30  printfa.o(i.__0vsprintf)
    __1vsprintf                              0x08003111   Thumb Code     0  printfa.o(i.__0vsprintf)
    __2vsprintf                              0x08003111   Thumb Code     0  printfa.o(i.__0vsprintf)
    __c89vsprintf                            0x08003111   Thumb Code     0  printfa.o(i.__0vsprintf)
    vsprintf                                 0x08003111   Thumb Code     0  printfa.o(i.__0vsprintf)
    __scatterload_copy                       0x08003155   Thumb Code    14  handlers.o(i.__scatterload_copy)
    __scatterload_null                       0x08003163   Thumb Code     2  handlers.o(i.__scatterload_null)
    __scatterload_zeroinit                   0x08003165   Thumb Code    14  handlers.o(i.__scatterload_zeroinit)
    forward                                  0x08003a09   Thumb Code    68  motor.o(i.forward)
    left                                     0x08003a71   Thumb Code    44  motor.o(i.left)
    main                                     0x08003aa9   Thumb Code    50  main.o(i.main)
    motor                                    0x08003ae9   Thumb Code   114  motor.o(i.motor)
    motor_init                               0x08003b71   Thumb Code   108  motor.o(i.motor_init)
    osDelay                                  0x08003be9   Thumb Code    14  cmsis_os.o(i.osDelay)
    osKernelStart                            0x08003bf7   Thumb Code    10  cmsis_os.o(i.osKernelStart)
    osThreadCreate                           0x08003c01   Thumb Code    84  cmsis_os.o(i.osThreadCreate)
    pvPortMalloc                             0x08003fa1   Thumb Code   216  heap_4.o(i.pvPortMalloc)
    pxPortInitialiseStack                    0x0800407d   Thumb Code    40  port.o(i.pxPortInitialiseStack)
    recede                                   0x080040a9   Thumb Code    68  motor.o(i.recede)
    right                                    0x08004111   Thumb Code    44  motor.o(i.right)
    stop                                     0x08004149   Thumb Code    42  motor.o(i.stop)
    usart_printf                             0x08004181   Thumb Code    44  user_debug.o(i.usart_printf)
    uxListRemove                             0x080041b9   Thumb Code    38  list.o(i.uxListRemove)
    vApplicationGetIdleTaskMemory            0x080041e1   Thumb Code    16  freertos.o(i.vApplicationGetIdleTaskMemory)
    vListInitialise                          0x080041f5   Thumb Code    22  list.o(i.vListInitialise)
    vListInitialiseItem                      0x0800420b   Thumb Code     6  list.o(i.vListInitialiseItem)
    vListInsert                              0x08004211   Thumb Code    48  list.o(i.vListInsert)
    vListInsertEnd                           0x08004241   Thumb Code    24  list.o(i.vListInsertEnd)
    vPortEnterCritical                       0x08004259   Thumb Code    54  port.o(i.vPortEnterCritical)
    vPortExitCritical                        0x08004299   Thumb Code    34  port.o(i.vPortExitCritical)
    vPortFree                                0x080042c1   Thumb Code    94  heap_4.o(i.vPortFree)
    vPortSetupTimerInterrupt                 0x08004325   Thumb Code    32  port.o(i.vPortSetupTimerInterrupt)
    vTaskDelay                               0x08004349   Thumb Code    66  tasks.o(i.vTaskDelay)
    vTaskStartScheduler                      0x08004395   Thumb Code    90  tasks.o(i.vTaskStartScheduler)
    vTaskSuspendAll                          0x08004401   Thumb Code    10  tasks.o(i.vTaskSuspendAll)
    vTaskSwitchContext                       0x08004411   Thumb Code    82  tasks.o(i.vTaskSwitchContext)
    xPortStartScheduler                      0x0800446d   Thumb Code   222  port.o(i.xPortStartScheduler)
    xTaskCreate                              0x08004561   Thumb Code    90  tasks.o(i.xTaskCreate)
    xTaskCreateStatic                        0x080045bb   Thumb Code    86  tasks.o(i.xTaskCreateStatic)
    xTaskIncrementTick                       0x08004611   Thumb Code   194  tasks.o(i.xTaskIncrementTick)
    xTaskResumeAll                           0x080046dd   Thumb Code   182  tasks.o(i.xTaskResumeAll)
    AHBPrescTable                            0x08004818   Data          16  system_stm32f4xx.o(.constdata)
    APBPrescTable                            0x08004828   Data           8  system_stm32f4xx.o(.constdata)
    Region$$Table$$Base                      0x0800485c   Number         0  anon$$obj.o(Region$$Table)
    Region$$Table$$Limit                     0x0800487c   Number         0  anon$$obj.o(Region$$Table)
    defaultTaskHandle                        0x20000000   Data           4  freertos.o(.data)
    Debug_TaskHandle                         0x20000004   Data           4  freertos.o(.data)
    BT_TaskHandle                            0x20000008   Data           4  freertos.o(.data)
    Motor_TaskHandle                         0x2000000c   Data           4  freertos.o(.data)
    uwTickFreq                               0x20000010   Data           1  stm32f4xx_hal.o(.data)
    uwTickPrio                               0x20000014   Data           4  stm32f4xx_hal.o(.data)
    uwTick                                   0x20000018   Data           4  stm32f4xx_hal.o(.data)
    SystemCoreClock                          0x2000001c   Data           4  system_stm32f4xx.o(.data)
    pxCurrentTCB                             0x20000020   Data           4  tasks.o(.data)
    motor_flag                               0x20000090   Data           1  motor.o(.data)
    RxBuffer                                 0x20000092   Data           1  bluetooth.o(.data)
    RX_flag                                  0x20000093   Data           1  bluetooth.o(.data)
    RXBUFFER_LEN                             0x20000094   Data           2  bluetooth.o(.data)
    Rx_len                                   0x20000096   Data           2  bluetooth.o(.data)
    htim2                                    0x200002ec   Data          72  tim.o(.bss)
    htim3                                    0x20000334   Data          72  tim.o(.bss)
    htim5                                    0x2000037c   Data          72  tim.o(.bss)
    huart1                                   0x200003c4   Data          68  usart.o(.bss)
    huart2                                   0x20000408   Data          68  usart.o(.bss)
    huart3                                   0x2000044c   Data          68  usart.o(.bss)
    hdma_usart2_rx                           0x20000490   Data          96  usart.o(.bss)
    hdma_usart2_tx                           0x200004f0   Data          96  usart.o(.bss)
    htim6                                    0x20000550   Data          72  stm32f4xx_hal_timebase_tim.o(.bss)
    __initial_sp                             0x20004788   Data           0  startup_stm32f405xx.o(STACK)



==============================================================================

Memory Map of the image

  Image Entry point : 0x08000189

  Load Region LR_IROM1 (Base: 0x08000000, Size: 0x00004914, Max: 0x00100000, ABSOLUTE)

    Execution Region ER_IROM1 (Exec base: 0x08000000, Load base: 0x08000000, Size: 0x0000487c, Max: 0x00100000, ABSOLUTE)

    Exec Addr    Load Addr    Size         Type   Attr      Idx    E Section Name        Object

    0x08000000   0x08000000   0x00000188   Data   RO            3    RESET               startup_stm32f405xx.o
    0x08000188   0x08000188   0x00000000   Code   RO         4602  * .ARM.Collect$$$$00000000  mc_w.l(entry.o)
    0x08000188   0x08000188   0x00000004   Code   RO         4643    .ARM.Collect$$$$00000001  mc_w.l(entry2.o)
    0x0800018c   0x0800018c   0x00000004   Code   RO         4646    .ARM.Collect$$$$00000004  mc_w.l(entry5.o)
    0x08000190   0x08000190   0x00000000   Code   RO         4648    .ARM.Collect$$$$00000008  mc_w.l(entry7b.o)
    0x08000190   0x08000190   0x00000000   Code   RO         4650    .ARM.Collect$$$$0000000A  mc_w.l(entry8b.o)
    0x08000190   0x08000190   0x00000008   Code   RO         4651    .ARM.Collect$$$$0000000B  mc_w.l(entry9a.o)
    0x08000198   0x08000198   0x00000004   Code   RO         4658    .ARM.Collect$$$$0000000E  mc_w.l(entry12b.o)
    0x0800019c   0x0800019c   0x00000000   Code   RO         4653    .ARM.Collect$$$$0000000F  mc_w.l(entry10a.o)
    0x0800019c   0x0800019c   0x00000000   Code   RO         4655    .ARM.Collect$$$$00000011  mc_w.l(entry11a.o)
    0x0800019c   0x0800019c   0x00000004   Code   RO         4644    .ARM.Collect$$$$00002712  mc_w.l(entry2.o)
    0x080001a0   0x080001a0   0x000000be   Code   RO         4304    .emb_text           port.o
    0x0800025e   0x0800025e   0x00000002   PAD
    0x08000260   0x08000260   0x00000024   Code   RO            4    .text               startup_stm32f405xx.o
    0x08000284   0x08000284   0x00000062   Code   RO         4605    .text               mc_w.l(uldiv.o)
    0x080002e6   0x080002e6   0x00000024   Code   RO         4607    .text               mc_w.l(memcpya.o)
    0x0800030a   0x0800030a   0x00000024   Code   RO         4611    .text               mc_w.l(memseta.o)
    0x0800032e   0x0800032e   0x0000002c   Code   RO         4660    .text               mc_w.l(uidiv.o)
    0x0800035a   0x0800035a   0x0000001e   Code   RO         4662    .text               mc_w.l(llshl.o)
    0x08000378   0x08000378   0x00000020   Code   RO         4664    .text               mc_w.l(llushr.o)
    0x08000398   0x08000398   0x00000000   Code   RO         4666    .text               mc_w.l(iusefp.o)
    0x08000398   0x08000398   0x0000014e   Code   RO         4667    .text               mf_w.l(dadd.o)
    0x080004e6   0x080004e6   0x000000e4   Code   RO         4669    .text               mf_w.l(dmul.o)
    0x080005ca   0x080005ca   0x000000de   Code   RO         4671    .text               mf_w.l(ddiv.o)
    0x080006a8   0x080006a8   0x00000030   Code   RO         4673    .text               mf_w.l(dfixul.o)
    0x080006d8   0x080006d8   0x00000030   Code   RO         4675    .text               mf_w.l(cdrcmple.o)
    0x08000708   0x08000708   0x00000024   Code   RO         4677    .text               mc_w.l(init.o)
    0x0800072c   0x0800072c   0x00000024   Code   RO         4679    .text               mc_w.l(llsshr.o)
    0x08000750   0x08000750   0x000000ba   Code   RO         4681    .text               mf_w.l(depilogue.o)
    0x0800080a   0x0800080a   0x00000010   Code   RO          232    i.BT_Task_Task      freertos.o
    0x0800081a   0x0800081a   0x00000002   PAD
    0x0800081c   0x0800081c   0x00000020   Code   RO         4531    i.BT_init           bluetooth.o
    0x0800083c   0x0800083c   0x00000002   Code   RO          448    i.BusFault_Handler  stm32f4xx_it.o
    0x0800083e   0x0800083e   0x00000002   PAD
    0x08000840   0x08000840   0x00000064   Code   RO         4441    i.CCW               motor.o
    0x080008a4   0x080008a4   0x00000064   Code   RO         4442    i.CW                motor.o
    0x08000908   0x08000908   0x00000014   Code   RO         4532    i.Check_Rx          bluetooth.o
    0x0800091c   0x0800091c   0x0000000c   Code   RO          449    i.DMA1_Stream5_IRQHandler  stm32f4xx_it.o
    0x08000928   0x08000928   0x0000000c   Code   RO          450    i.DMA1_Stream6_IRQHandler  stm32f4xx_it.o
    0x08000934   0x08000934   0x00000028   Code   RO         1046    i.DMA_CalcBaseAndBitshift  stm32f4xx_hal_dma.o
    0x0800095c   0x0800095c   0x00000054   Code   RO         1047    i.DMA_CheckFifoParam  stm32f4xx_hal_dma.o
    0x080009b0   0x080009b0   0x00000028   Code   RO         1048    i.DMA_SetConfig     stm32f4xx_hal_dma.o
    0x080009d8   0x080009d8   0x00000002   Code   RO          451    i.DebugMon_Handler  stm32f4xx_it.o
    0x080009da   0x080009da   0x00000002   Code   RO         4384    i.Debug_Usart       user_debug.o
    0x080009dc   0x080009dc   0x00000004   Code   RO           13    i.Error_Handler     main.o
    0x080009e0   0x080009e0   0x00000092   Code   RO         1049    i.HAL_DMA_Abort     stm32f4xx_hal_dma.o
    0x08000a72   0x08000a72   0x00000024   Code   RO         1050    i.HAL_DMA_Abort_IT  stm32f4xx_hal_dma.o
    0x08000a96   0x08000a96   0x00000002   PAD
    0x08000a98   0x08000a98   0x000001a0   Code   RO         1054    i.HAL_DMA_IRQHandler  stm32f4xx_hal_dma.o
    0x08000c38   0x08000c38   0x000000d4   Code   RO         1055    i.HAL_DMA_Init      stm32f4xx_hal_dma.o
    0x08000d0c   0x08000d0c   0x0000006e   Code   RO         1059    i.HAL_DMA_Start_IT  stm32f4xx_hal_dma.o
    0x08000d7a   0x08000d7a   0x00000002   PAD
    0x08000d7c   0x08000d7c   0x000001f0   Code   RO          942    i.HAL_GPIO_Init     stm32f4xx_hal_gpio.o
    0x08000f6c   0x08000f6c   0x0000000a   Code   RO          944    i.HAL_GPIO_ReadPin  stm32f4xx_hal_gpio.o
    0x08000f76   0x08000f76   0x00000010   Code   RO          945    i.HAL_GPIO_TogglePin  stm32f4xx_hal_gpio.o
    0x08000f86   0x08000f86   0x0000000a   Code   RO          946    i.HAL_GPIO_WritePin  stm32f4xx_hal_gpio.o
    0x08000f90   0x08000f90   0x0000000c   Code   RO         1474    i.HAL_GetTick       stm32f4xx_hal.o
    0x08000f9c   0x08000f9c   0x00000010   Code   RO         1480    i.HAL_IncTick       stm32f4xx_hal.o
    0x08000fac   0x08000fac   0x00000034   Code   RO         1481    i.HAL_Init          stm32f4xx_hal.o
    0x08000fe0   0x08000fe0   0x00000098   Code   RO          548    i.HAL_InitTick      stm32f4xx_hal_timebase_tim.o
    0x08001078   0x08001078   0x00000038   Code   RO          524    i.HAL_MspInit       stm32f4xx_hal_msp.o
    0x080010b0   0x080010b0   0x0000001a   Code   RO         1331    i.HAL_NVIC_EnableIRQ  stm32f4xx_hal_cortex.o
    0x080010ca   0x080010ca   0x00000002   PAD
    0x080010cc   0x080010cc   0x00000040   Code   RO         1337    i.HAL_NVIC_SetPriority  stm32f4xx_hal_cortex.o
    0x0800110c   0x0800110c   0x00000024   Code   RO         1338    i.HAL_NVIC_SetPriorityGrouping  stm32f4xx_hal_cortex.o
    0x08001130   0x08001130   0x00000134   Code   RO          588    i.HAL_RCC_ClockConfig  stm32f4xx_hal_rcc.o
    0x08001264   0x08001264   0x00000040   Code   RO          592    i.HAL_RCC_GetClockConfig  stm32f4xx_hal_rcc.o
    0x080012a4   0x080012a4   0x00000020   Code   RO          595    i.HAL_RCC_GetPCLK1Freq  stm32f4xx_hal_rcc.o
    0x080012c4   0x080012c4   0x00000020   Code   RO          596    i.HAL_RCC_GetPCLK2Freq  stm32f4xx_hal_rcc.o
    0x080012e4   0x080012e4   0x00000060   Code   RO          597    i.HAL_RCC_GetSysClockFreq  stm32f4xx_hal_rcc.o
    0x08001344   0x08001344   0x0000036c   Code   RO          600    i.HAL_RCC_OscConfig  stm32f4xx_hal_rcc.o
    0x080016b0   0x080016b0   0x00000002   Code   RO         2425    i.HAL_TIMEx_BreakCallback  stm32f4xx_hal_tim_ex.o
    0x080016b2   0x080016b2   0x00000002   Code   RO         2426    i.HAL_TIMEx_CommutCallback  stm32f4xx_hal_tim_ex.o
    0x080016b4   0x080016b4   0x00000090   Code   RO         2444    i.HAL_TIMEx_MasterConfigSynchronization  stm32f4xx_hal_tim_ex.o
    0x08001744   0x08001744   0x0000005a   Code   RO         1721    i.HAL_TIM_Base_Init  stm32f4xx_hal_tim.o
    0x0800179e   0x0800179e   0x00000002   PAD
    0x080017a0   0x080017a0   0x00000058   Code   RO          335    i.HAL_TIM_Base_MspInit  tim.o
    0x080017f8   0x080017f8   0x00000080   Code   RO         1726    i.HAL_TIM_Base_Start_IT  stm32f4xx_hal_tim.o
    0x08001878   0x08001878   0x000000dc   Code   RO         1730    i.HAL_TIM_ConfigClockSource  stm32f4xx_hal_tim.o
    0x08001954   0x08001954   0x00000002   Code   RO         1755    i.HAL_TIM_IC_CaptureCallback  stm32f4xx_hal_tim.o
    0x08001956   0x08001956   0x00000166   Code   RO         1769    i.HAL_TIM_IRQHandler  stm32f4xx_hal_tim.o
    0x08001abc   0x08001abc   0x000000f0   Code   RO          336    i.HAL_TIM_MspPostInit  tim.o
    0x08001bac   0x08001bac   0x00000002   Code   RO         1772    i.HAL_TIM_OC_DelayElapsedCallback  stm32f4xx_hal_tim.o
    0x08001bae   0x08001bae   0x000000cc   Code   RO         1793    i.HAL_TIM_PWM_ConfigChannel  stm32f4xx_hal_tim.o
    0x08001c7a   0x08001c7a   0x0000005a   Code   RO         1796    i.HAL_TIM_PWM_Init  stm32f4xx_hal_tim.o
    0x08001cd4   0x08001cd4   0x00000002   Code   RO         1798    i.HAL_TIM_PWM_MspInit  stm32f4xx_hal_tim.o
    0x08001cd6   0x08001cd6   0x00000002   Code   RO         1799    i.HAL_TIM_PWM_PulseFinishedCallback  stm32f4xx_hal_tim.o
    0x08001cd8   0x08001cd8   0x000000c8   Code   RO         1801    i.HAL_TIM_PWM_Start  stm32f4xx_hal_tim.o
    0x08001da0   0x08001da0   0x00000014   Code   RO           14    i.HAL_TIM_PeriodElapsedCallback  main.o
    0x08001db4   0x08001db4   0x00000002   Code   RO         1812    i.HAL_TIM_TriggerCallback  stm32f4xx_hal_tim.o
    0x08001db6   0x08001db6   0x00000002   Code   RO         2703    i.HAL_UARTEx_RxEventCallback  stm32f4xx_hal_uart.o
    0x08001db8   0x08001db8   0x00000070   Code   RO         2715    i.HAL_UART_DMAStop  stm32f4xx_hal_uart.o
    0x08001e28   0x08001e28   0x00000002   Code   RO         2717    i.HAL_UART_ErrorCallback  stm32f4xx_hal_uart.o
    0x08001e2a   0x08001e2a   0x00000002   PAD
    0x08001e2c   0x08001e2c   0x00000268   Code   RO         2720    i.HAL_UART_IRQHandler  stm32f4xx_hal_uart.o
    0x08002094   0x08002094   0x00000062   Code   RO         2721    i.HAL_UART_Init     stm32f4xx_hal_uart.o
    0x080020f6   0x080020f6   0x00000002   PAD
    0x080020f8   0x080020f8   0x0000016c   Code   RO          395    i.HAL_UART_MspInit  usart.o
    0x08002264   0x08002264   0x0000002a   Code   RO         2725    i.HAL_UART_Receive_DMA  stm32f4xx_hal_uart.o
    0x0800228e   0x0800228e   0x00000002   Code   RO         2727    i.HAL_UART_RxCpltCallback  stm32f4xx_hal_uart.o
    0x08002290   0x08002290   0x00000002   Code   RO         2728    i.HAL_UART_RxHalfCpltCallback  stm32f4xx_hal_uart.o
    0x08002292   0x08002292   0x00000002   PAD
    0x08002294   0x08002294   0x000000b2   Code   RO         2729    i.HAL_UART_Transmit  stm32f4xx_hal_uart.o
    0x08002346   0x08002346   0x00000002   Code   RO         2732    i.HAL_UART_TxCpltCallback  stm32f4xx_hal_uart.o
    0x08002348   0x08002348   0x00000002   Code   RO          452    i.HardFault_Handler  stm32f4xx_it.o
    0x0800234a   0x0800234a   0x00000002   PAD
    0x0800234c   0x0800234c   0x0000003c   Code   RO          310    i.MX_DMA_Init       dma.o
    0x08002388   0x08002388   0x00000068   Code   RO          233    i.MX_FREERTOS_Init  freertos.o
    0x080023f0   0x080023f0   0x00000094   Code   RO          208    i.MX_GPIO_Init      gpio.o
    0x08002484   0x08002484   0x000000a8   Code   RO          337    i.MX_TIM2_Init      tim.o
    0x0800252c   0x0800252c   0x000000c8   Code   RO          338    i.MX_TIM3_Init      tim.o
    0x080025f4   0x080025f4   0x000000a8   Code   RO          339    i.MX_TIM5_Init      tim.o
    0x0800269c   0x0800269c   0x00000038   Code   RO          396    i.MX_USART1_UART_Init  usart.o
    0x080026d4   0x080026d4   0x00000038   Code   RO          397    i.MX_USART2_UART_Init  usart.o
    0x0800270c   0x0800270c   0x00000038   Code   RO          398    i.MX_USART3_UART_Init  usart.o
    0x08002744   0x08002744   0x00000002   Code   RO          453    i.MemManage_Handler  stm32f4xx_it.o
    0x08002746   0x08002746   0x00000002   Code   RO          454    i.NMI_Handler       stm32f4xx_it.o
    0x08002748   0x08002748   0x00000020   Code   RO          234    i.StartDefaultTask  freertos.o
    0x08002768   0x08002768   0x0000000c   Code   RO          235    i.Start_Debug_Task  freertos.o
    0x08002774   0x08002774   0x00000010   Code   RO          236    i.Start_Motor_Task  freertos.o
    0x08002784   0x08002784   0x0000002c   Code   RO         4305    i.SysTick_Handler   port.o
    0x080027b0   0x080027b0   0x00000094   Code   RO           15    i.SystemClock_Config  main.o
    0x08002844   0x08002844   0x00000010   Code   RO         3050    i.SystemInit        system_stm32f4xx.o
    0x08002854   0x08002854   0x0000000c   Code   RO          455    i.TIM6_DAC_IRQHandler  stm32f4xx_it.o
    0x08002860   0x08002860   0x000000c8   Code   RO         1814    i.TIM_Base_SetConfig  stm32f4xx_hal_tim.o
    0x08002928   0x08002928   0x0000001a   Code   RO         1815    i.TIM_CCxChannelCmd  stm32f4xx_hal_tim.o
    0x08002942   0x08002942   0x00000014   Code   RO         1825    i.TIM_ETR_SetConfig  stm32f4xx_hal_tim.o
    0x08002956   0x08002956   0x00000010   Code   RO         1826    i.TIM_ITRx_SetConfig  stm32f4xx_hal_tim.o
    0x08002966   0x08002966   0x00000002   PAD
    0x08002968   0x08002968   0x00000060   Code   RO         1827    i.TIM_OC1_SetConfig  stm32f4xx_hal_tim.o
    0x080029c8   0x080029c8   0x0000006c   Code   RO         1828    i.TIM_OC2_SetConfig  stm32f4xx_hal_tim.o
    0x08002a34   0x08002a34   0x00000068   Code   RO         1829    i.TIM_OC3_SetConfig  stm32f4xx_hal_tim.o
    0x08002a9c   0x08002a9c   0x00000050   Code   RO         1830    i.TIM_OC4_SetConfig  stm32f4xx_hal_tim.o
    0x08002aec   0x08002aec   0x00000022   Code   RO         1832    i.TIM_TI1_ConfigInputStage  stm32f4xx_hal_tim.o
    0x08002b0e   0x08002b0e   0x00000024   Code   RO         1834    i.TIM_TI2_ConfigInputStage  stm32f4xx_hal_tim.o
    0x08002b32   0x08002b32   0x00000002   PAD
    0x08002b34   0x08002b34   0x00000150   Code   RO         4443    i.Tracing           motor.o
    0x08002c84   0x08002c84   0x00000010   Code   RO         2734    i.UART_DMAAbortOnError  stm32f4xx_hal_uart.o
    0x08002c94   0x08002c94   0x0000004a   Code   RO         2735    i.UART_DMAError     stm32f4xx_hal_uart.o
    0x08002cde   0x08002cde   0x00000082   Code   RO         2736    i.UART_DMAReceiveCplt  stm32f4xx_hal_uart.o
    0x08002d60   0x08002d60   0x0000001a   Code   RO         2738    i.UART_DMARxHalfCplt  stm32f4xx_hal_uart.o
    0x08002d7a   0x08002d7a   0x0000004e   Code   RO         2744    i.UART_EndRxTransfer  stm32f4xx_hal_uart.o
    0x08002dc8   0x08002dc8   0x0000001c   Code   RO         2745    i.UART_EndTxTransfer  stm32f4xx_hal_uart.o
    0x08002de4   0x08002de4   0x000000c0   Code   RO         2746    i.UART_Receive_IT   stm32f4xx_hal_uart.o
    0x08002ea4   0x08002ea4   0x0000010c   Code   RO         2747    i.UART_SetConfig    stm32f4xx_hal_uart.o
    0x08002fb0   0x08002fb0   0x00000094   Code   RO         2748    i.UART_Start_Receive_DMA  stm32f4xx_hal_uart.o
    0x08003044   0x08003044   0x00000078   Code   RO         2750    i.UART_WaitOnFlagUntilTimeout  stm32f4xx_hal_uart.o
    0x080030bc   0x080030bc   0x00000050   Code   RO         4533    i.USART2_IRQHandler  bluetooth.o
    0x0800310c   0x0800310c   0x00000002   Code   RO          456    i.UsageFault_Handler  stm32f4xx_it.o
    0x0800310e   0x0800310e   0x00000002   PAD
    0x08003110   0x08003110   0x00000024   Code   RO         4622    i.__0vsprintf       mc_w.l(printfa.o)
    0x08003134   0x08003134   0x00000020   Code   RO         1344    i.__NVIC_SetPriority  stm32f4xx_hal_cortex.o
    0x08003154   0x08003154   0x0000000e   Code   RO         4685    i.__scatterload_copy  mc_w.l(handlers.o)
    0x08003162   0x08003162   0x00000002   Code   RO         4686    i.__scatterload_null  mc_w.l(handlers.o)
    0x08003164   0x08003164   0x0000000e   Code   RO         4687    i.__scatterload_zeroinit  mc_w.l(handlers.o)
    0x08003172   0x08003172   0x00000002   PAD
    0x08003174   0x08003174   0x00000184   Code   RO         4623    i._fp_digits        mc_w.l(printfa.o)
    0x080032f8   0x080032f8   0x000006b4   Code   RO         4624    i._printf_core      mc_w.l(printfa.o)
    0x080039ac   0x080039ac   0x00000024   Code   RO         4625    i._printf_post_padding  mc_w.l(printfa.o)
    0x080039d0   0x080039d0   0x0000002e   Code   RO         4626    i._printf_pre_padding  mc_w.l(printfa.o)
    0x080039fe   0x080039fe   0x0000000a   Code   RO         4628    i._sputc            mc_w.l(printfa.o)
    0x08003a08   0x08003a08   0x00000068   Code   RO         4444    i.forward           motor.o
    0x08003a70   0x08003a70   0x00000038   Code   RO         4445    i.left              motor.o
    0x08003aa8   0x08003aa8   0x00000032   Code   RO           16    i.main              main.o
    0x08003ada   0x08003ada   0x0000000c   Code   RO         3870    i.makeFreeRtosPriority  cmsis_os.o
    0x08003ae6   0x08003ae6   0x00000002   PAD
    0x08003ae8   0x08003ae8   0x00000088   Code   RO         4446    i.motor             motor.o
    0x08003b70   0x08003b70   0x00000078   Code   RO         4448    i.motor_init        motor.o
    0x08003be8   0x08003be8   0x0000000e   Code   RO         3872    i.osDelay           cmsis_os.o
    0x08003bf6   0x08003bf6   0x0000000a   Code   RO         3875    i.osKernelStart     cmsis_os.o
    0x08003c00   0x08003c00   0x00000054   Code   RO         3909    i.osThreadCreate    cmsis_os.o
    0x08003c54   0x08003c54   0x00000070   Code   RO         3552    i.prvAddCurrentTaskToDelayedList  tasks.o
    0x08003cc4   0x08003cc4   0x000000d0   Code   RO         3553    i.prvAddNewTaskToReadyList  tasks.o
    0x08003d94   0x08003d94   0x00000034   Code   RO         3554    i.prvDeleteTCB      tasks.o
    0x08003dc8   0x08003dc8   0x0000004c   Code   RO         4237    i.prvHeapInit       heap_4.o
    0x08003e14   0x08003e14   0x00000060   Code   RO         3555    i.prvIdleTask       tasks.o
    0x08003e74   0x08003e74   0x00000098   Code   RO         3556    i.prvInitialiseNewTask  tasks.o
    0x08003f0c   0x08003f0c   0x0000004c   Code   RO         4238    i.prvInsertBlockIntoFreeList  heap_4.o
    0x08003f58   0x08003f58   0x00000020   Code   RO         3557    i.prvResetNextTaskUnblockTime  tasks.o
    0x08003f78   0x08003f78   0x00000028   Code   RO         4306    i.prvTaskExitError  port.o
    0x08003fa0   0x08003fa0   0x000000dc   Code   RO         4239    i.pvPortMalloc      heap_4.o
    0x0800407c   0x0800407c   0x0000002c   Code   RO         4307    i.pxPortInitialiseStack  port.o
    0x080040a8   0x080040a8   0x00000068   Code   RO         4449    i.recede            motor.o
    0x08004110   0x08004110   0x00000038   Code   RO         4450    i.right             motor.o
    0x08004148   0x08004148   0x00000038   Code   RO         4451    i.stop              motor.o
    0x08004180   0x08004180   0x00000038   Code   RO         4387    i.usart_printf      user_debug.o
    0x080041b8   0x080041b8   0x00000026   Code   RO         3188    i.uxListRemove      list.o
    0x080041de   0x080041de   0x00000002   PAD
    0x080041e0   0x080041e0   0x00000014   Code   RO          237    i.vApplicationGetIdleTaskMemory  freertos.o
    0x080041f4   0x080041f4   0x00000016   Code   RO         3189    i.vListInitialise   list.o
    0x0800420a   0x0800420a   0x00000006   Code   RO         3190    i.vListInitialiseItem  list.o
    0x08004210   0x08004210   0x00000030   Code   RO         3191    i.vListInsert       list.o
    0x08004240   0x08004240   0x00000018   Code   RO         3192    i.vListInsertEnd    list.o
    0x08004258   0x08004258   0x00000040   Code   RO         4309    i.vPortEnterCritical  port.o
    0x08004298   0x08004298   0x00000028   Code   RO         4310    i.vPortExitCritical  port.o
    0x080042c0   0x080042c0   0x00000064   Code   RO         4240    i.vPortFree         heap_4.o
    0x08004324   0x08004324   0x00000024   Code   RO         4311    i.vPortSetupTimerInterrupt  port.o
    0x08004348   0x08004348   0x0000004c   Code   RO         3566    i.vTaskDelay        tasks.o
    0x08004394   0x08004394   0x0000006c   Code   RO         3579    i.vTaskStartScheduler  tasks.o
    0x08004400   0x08004400   0x00000010   Code   RO         3581    i.vTaskSuspendAll   tasks.o
    0x08004410   0x08004410   0x0000005c   Code   RO         3582    i.vTaskSwitchContext  tasks.o
    0x0800446c   0x0800446c   0x000000f4   Code   RO         4313    i.xPortStartScheduler  port.o
    0x08004560   0x08004560   0x0000005a   Code   RO         3585    i.xTaskCreate       tasks.o
    0x080045ba   0x080045ba   0x00000056   Code   RO         3586    i.xTaskCreateStatic  tasks.o
    0x08004610   0x08004610   0x000000cc   Code   RO         3593    i.xTaskIncrementTick  tasks.o
    0x080046dc   0x080046dc   0x000000c4   Code   RO         3599    i.xTaskResumeAll    tasks.o
    0x080047a0   0x080047a0   0x00000070   Data   RO          239    .constdata          freertos.o
    0x08004810   0x08004810   0x00000008   Data   RO         1061    .constdata          stm32f4xx_hal_dma.o
    0x08004818   0x08004818   0x00000010   Data   RO         3051    .constdata          system_stm32f4xx.o
    0x08004828   0x08004828   0x00000008   Data   RO         3052    .constdata          system_stm32f4xx.o
    0x08004830   0x08004830   0x0000002c   Data   RO          240    .conststring        freertos.o
    0x0800485c   0x0800485c   0x00000020   Data   RO         4683    Region$$Table       anon$$obj.o


    Execution Region RW_IRAM1 (Exec base: 0x20000000, Load base: 0x0800487c, Size: 0x00004788, Max: 0x0001c000, ABSOLUTE)

    Exec Addr    Load Addr    Size         Type   Attr      Idx    E Section Name        Object

    0x20000000   0x0800487c   0x00000010   Data   RW          241    .data               freertos.o
    0x20000010   0x0800488c   0x0000000c   Data   RW         1488    .data               stm32f4xx_hal.o
    0x2000001c   0x08004898   0x00000004   Data   RW         3053    .data               system_stm32f4xx.o
    0x20000020   0x0800489c   0x0000003c   Data   RW         3602    .data               tasks.o
    0x2000005c   0x080048d8   0x00000020   Data   RW         4246    .data               heap_4.o
    0x2000007c   0x080048f8   0x0000000c   Data   RW         4314    .data               port.o
    0x20000088   0x08004904   0x00000008   Data   RW         4389    .data               user_debug.o
    0x20000090   0x0800490c   0x00000001   Data   RW         4452    .data               motor.o
    0x20000091   0x0800490d   0x00000001   PAD
    0x20000092   0x0800490e   0x00000006   Data   RW         4536    .data               bluetooth.o
    0x20000098        -       0x00000254   Zero   RW          238    .bss                freertos.o
    0x200002ec        -       0x000000d8   Zero   RW          340    .bss                tim.o
    0x200003c4        -       0x0000018c   Zero   RW          399    .bss                usart.o
    0x20000550        -       0x00000048   Zero   RW          551    .bss                stm32f4xx_hal_timebase_tim.o
    0x20000598        -       0x000000f0   Zero   RW         3601    .bss                tasks.o
    0x20000688        -       0x00003c00   Zero   RW         4245    .bss                heap_4.o
    0x20004288        -       0x00000100   Zero   RW         4388    .bss                user_debug.o
    0x20004388        -       0x00000400   Zero   RW            1    STACK               startup_stm32f405xx.o


    Execution Region RW_IRAM2 (Exec base: 0x2001c000, Load base: 0x08004914, Size: 0x00000000, Max: 0x00004000, ABSOLUTE)

    **** No section assigned to this execution region ****


==============================================================================

Image component sizes


      Code (inc. data)   RO Data    RW Data    ZI Data      Debug   Object Name

       132         24          0          6          0       2293   bluetooth.o
       120          0          0          0          0      23133   cmsis_os.o
        60          4          0          0          0        846   dma.o
         0          0          0          0          0      16720   event_groups.o
       200         18        156         16        596       4239   freertos.o
       148         12          0          0          0       1027   gpio.o
       472         24          0         32      15360       7319   heap_4.o
       138          0          0          0          0       3490   list.o
       222         16          0          0          0     675620   main.o
      1168        268          0          1          0       5184   motor.o
       702         72          0         12          0      10772   port.o
        36          8        392          0       1024        804   startup_stm32f405xx.o
        80         14          0         12          0       8022   stm32f4xx_hal.o
       158         14          0          0          0      33006   stm32f4xx_hal_cortex.o
      1084         16          8          0          0       7198   stm32f4xx_hal_dma.o
       532         46          0          0          0       3468   stm32f4xx_hal_gpio.o
        56          4          0          0          0        930   stm32f4xx_hal_msp.o
      1408         82          0          0          0       5809   stm32f4xx_hal_rcc.o
      2020        136          0          0          0      16346   stm32f4xx_hal_tim.o
       148         28          0          0          0       2457   stm32f4xx_hal_tim_ex.o
       152         20          0          0         72       1511   stm32f4xx_hal_timebase_tim.o
      2136         30          0          0          0      15493   stm32f4xx_hal_uart.o
        48         18          0          0          0       3951   stm32f4xx_it.o
         0          0          0          0          0        392   stream_buffer.o
        16          4         24          4          0       1159   system_stm32f4xx.o
      1520        112          0         60        240      19078   tasks.o
       864         58          0          0        216       4126   tim.o
       532         58          0          0        396       3266   usart.o
        58         12          0          8        256       1657   user_debug.o

    ----------------------------------------------------------------------
     14242       1098        612        152      18160     879316   Object Totals
         0          0         32          0          0          0   (incl. Generated)
        32          0          0          1          0          0   (incl. Padding)

    ----------------------------------------------------------------------

      Code (inc. data)   RO Data    RW Data    ZI Data      Debug   Library Member Name

         0          0          0          0          0          0   entry.o
         0          0          0          0          0          0   entry10a.o
         0          0          0          0          0          0   entry11a.o
         4          0          0          0          0          0   entry12b.o
         8          4          0          0          0          0   entry2.o
         4          0          0          0          0          0   entry5.o
         0          0          0          0          0          0   entry7b.o
         0          0          0          0          0          0   entry8b.o
         8          4          0          0          0          0   entry9a.o
        30          0          0          0          0          0   handlers.o
        36          8          0          0          0         68   init.o
         0          0          0          0          0          0   iusefp.o
        30          0          0          0          0         68   llshl.o
        36          0          0          0          0         68   llsshr.o
        32          0          0          0          0         68   llushr.o
        36          0          0          0          0         68   memcpya.o
        36          0          0          0          0        108   memseta.o
      2232         86          0          0          0        528   printfa.o
        44          0          0          0          0         80   uidiv.o
        98          0          0          0          0         92   uldiv.o
        48          0          0          0          0         68   cdrcmple.o
       334          0          0          0          0        148   dadd.o
       222          0          0          0          0        100   ddiv.o
       186          0          0          0          0        176   depilogue.o
        48          0          0          0          0         68   dfixul.o
       228          0          0          0          0         96   dmul.o

    ----------------------------------------------------------------------
      3702        102          0          0          0       1804   Library Totals
         2          0          0          0          0          0   (incl. Padding)

    ----------------------------------------------------------------------

      Code (inc. data)   RO Data    RW Data    ZI Data      Debug   Library Name

      2634        102          0          0          0       1148   mc_w.l
      1066          0          0          0          0        656   mf_w.l

    ----------------------------------------------------------------------
      3702        102          0          0          0       1804   Library Totals

    ----------------------------------------------------------------------

==============================================================================


      Code (inc. data)   RO Data    RW Data    ZI Data      Debug   

     17944       1200        612        152      18160     865688   Grand Totals
     17944       1200        612        152      18160     865688   ELF Image Totals
     17944       1200        612        152          0          0   ROM Totals

==============================================================================

    Total RO  Size (Code + RO Data)                18556 (  18.12kB)
    Total RW  Size (RW Data + ZI Data)             18312 (  17.88kB)
    Total ROM Size (Code + RO Data + RW Data)      18708 (  18.27kB)

==============================================================================

